Archive member included to satisfy reference by file (symbol)

app/libapp.a(main.c.obj)      (--whole-archive)
zephyr/libzephyr.a(cbprintf_packaged.c.obj)
                              (--whole-archive)
zephyr/libzephyr.a(dec.c.obj)
                              (--whole-archive)
zephyr/libzephyr.a(fdtable.c.obj)
                              (--whole-archive)
zephyr/libzephyr.a(hex.c.obj)
                              (--whole-archive)
zephyr/libzephyr.a(printk.c.obj)
                              (--whole-archive)
zephyr/libzephyr.a(rb.c.obj)  (--whole-archive)
zephyr/libzephyr.a(sem.c.obj)
                              (--whole-archive)
zephyr/libzephyr.a(thread_entry.c.obj)
                              (--whole-archive)
zephyr/libzephyr.a(timeutil.c.obj)
                              (--whole-archive)
zephyr/libzephyr.a(heap.c.obj)
                              (--whole-archive)
zephyr/libzephyr.a(heap-validate.c.obj)
                              (--whole-archive)
zephyr/libzephyr.a(bitarray.c.obj)
                              (--whole-archive)
zephyr/libzephyr.a(multi_heap.c.obj)
                              (--whole-archive)
zephyr/libzephyr.a(onoff.c.obj)
                              (--whole-archive)
zephyr/libzephyr.a(notify.c.obj)
                              (--whole-archive)
zephyr/libzephyr.a(cbprintf_complete.c.obj)
                              (--whole-archive)
zephyr/libzephyr.a(assert.c.obj)
                              (--whole-archive)
zephyr/libzephyr.a(reboot.c.obj)
                              (--whole-archive)
zephyr/libzephyr.a(configs.c.obj)
                              (--whole-archive)
zephyr/libzephyr.a(soc.c.obj)
                              (--whole-archive)
zephyr/libzephyr.a(soc_nrf_common.S.obj)
                              (--whole-archive)
zephyr/libzephyr.a(soc_secure.c.obj)
                              (--whole-archive)
zephyr/libzephyr.a(validate_base_addresses.c.obj)
                              (--whole-archive)
zephyr/libzephyr.a(validate_enabled_instances.c.obj)
                              (--whole-archive)
zephyr/libzephyr.a(tracing_none.c.obj)
                              (--whole-archive)
zephyr/libzephyr.a(flash_map_partition_manager.c.obj)
                              (--whole-archive)
zephyr/arch/common/libarch__common.a(sw_isr_common.c.obj)
                              (--whole-archive)
zephyr/arch/arch/arm/core/aarch32/libarch__arm__core__aarch32.a(cpu_idle.S.obj)
                              (--whole-archive)
zephyr/arch/arch/arm/core/aarch32/libarch__arm__core__aarch32.a(fatal.c.obj)
                              (--whole-archive)
zephyr/arch/arch/arm/core/aarch32/libarch__arm__core__aarch32.a(irq_manage.c.obj)
                              (--whole-archive)
zephyr/arch/arch/arm/core/aarch32/libarch__arm__core__aarch32.a(nmi.c.obj)
                              (--whole-archive)
zephyr/arch/arch/arm/core/aarch32/libarch__arm__core__aarch32.a(nmi_on_reset.S.obj)
                              (--whole-archive)
zephyr/arch/arch/arm/core/aarch32/libarch__arm__core__aarch32.a(prep_c.c.obj)
                              (--whole-archive)
zephyr/arch/arch/arm/core/aarch32/libarch__arm__core__aarch32.a(swap.c.obj)
                              (--whole-archive)
zephyr/arch/arch/arm/core/aarch32/libarch__arm__core__aarch32.a(swap_helper.S.obj)
                              (--whole-archive)
zephyr/arch/arch/arm/core/aarch32/libarch__arm__core__aarch32.a(thread.c.obj)
                              (--whole-archive)
zephyr/arch/arch/arm/core/aarch32/libarch__arm__core__aarch32.a(isr_wrapper.S.obj)
                              (--whole-archive)
zephyr/arch/arch/arm/core/aarch32/libarch__arm__core__aarch32.a(tls.c.obj)
                              (--whole-archive)
zephyr/arch/arch/arm/core/aarch32/cortex_m/libarch__arm__core__aarch32__cortex_m.a(exc_exit.S.obj)
                              (--whole-archive)
zephyr/arch/arch/arm/core/aarch32/cortex_m/libarch__arm__core__aarch32__cortex_m.a(fault.c.obj)
                              (--whole-archive)
zephyr/arch/arch/arm/core/aarch32/cortex_m/libarch__arm__core__aarch32__cortex_m.a(fault_s.S.obj)
                              (--whole-archive)
zephyr/arch/arch/arm/core/aarch32/cortex_m/libarch__arm__core__aarch32__cortex_m.a(fpu.c.obj)
                              (--whole-archive)
zephyr/arch/arch/arm/core/aarch32/cortex_m/libarch__arm__core__aarch32__cortex_m.a(irq_init.c.obj)
                              (--whole-archive)
zephyr/arch/arch/arm/core/aarch32/cortex_m/libarch__arm__core__aarch32__cortex_m.a(reset.S.obj)
                              (--whole-archive)
zephyr/arch/arch/arm/core/aarch32/cortex_m/libarch__arm__core__aarch32__cortex_m.a(scb.c.obj)
                              (--whole-archive)
zephyr/arch/arch/arm/core/aarch32/cortex_m/libarch__arm__core__aarch32__cortex_m.a(thread_abort.c.obj)
                              (--whole-archive)
[...]
Memory Configuration

Name             Origin             Length             Attributes
FLASH            0x0000000000008000 0x00000000000f8000 xr
RAM              0x000000002000c568 0x0000000000033a98 xw
IDT_LIST         0x00000000fffff7ff 0x0000000000000800 xw
*default*        0x0000000000000000 0xffffffffffffffff

Linker script and memory map

                0x000000000000d91c                vfprintf = __i_vfprintf
                0x000000000000dda8                vfscanf = __i_vfscanf
LOAD zephyr/CMakeFiles/zephyr_final.dir/misc/empty_file.c.obj
LOAD zephyr/CMakeFiles/zephyr_final.dir/isr_tables.c.obj
LOAD app/libapp.a
LOAD zephyr/libzephyr.a
LOAD zephyr/arch/common/libarch__common.a
LOAD zephyr/arch/arch/arm/core/aarch32/libarch__arm__core__aarch32.a
LOAD zephyr/arch/arch/arm/core/aarch32/cortex_m/libarch__arm__core__aarch32__cortex_m.a
LOAD zephyr/arch/arch/arm/core/aarch32/cortex_m/cmse/libarch__arm__core__aarch32__cortex_m__cmse.a
LOAD zephyr/arch/arch/arm/core/aarch32/mpu/libarch__arm__core__aarch32__mpu.a
LOAD zephyr/lib/libc/picolibc/liblib__libc__picolibc.a
LOAD zephyr/lib/libc/common/liblib__libc__common.a
LOAD zephyr/soc/soc/arm/common/cortex_m/libsoc__arm__common__cortex_m.a
LOAD zephyr/boards/arm/nrf9160dk_nrf9160/libboards__arm__nrf9160dk_nrf9160.a
LOAD zephyr/subsys/random/libsubsys__random.a
LOAD zephyr/drivers/clock_control/libdrivers__clock_control.a
LOAD zephyr/drivers/console/libdrivers__console.a
LOAD zephyr/drivers/entropy/libdrivers__entropy.a
LOAD zephyr/drivers/gpio/libdrivers__gpio.a
LOAD zephyr/drivers/pinctrl/libdrivers__pinctrl.a
LOAD zephyr/drivers/serial/libdrivers__serial.a
LOAD zephyr/drivers/timer/libdrivers__timer.a
LOAD modules/nrf/lib/nrf_modem_lib/lib..__nrf__lib__nrf_modem_lib.a
LOAD modules/nrf/lib/at_monitor/lib..__nrf__lib__at_monitor.a
LOAD modules/nrf/lib/fatal_error/lib..__nrf__lib__fatal_error.a
LOAD modules/nrf/lib/modem_antenna/lib..__nrf__lib__modem_antenna.a
LOAD modules/nrf/subsys/nrf_security/src/zephyr/libmbedtls_zephyr.a
LOAD modules/nrf/modules/tfm/zephyr/libtfm_api_nrf.a
LOAD modules/trusted-firmware-m/libtfm_api.a
LOAD modules/hal_nordic/nrfx/libmodules__hal_nordic__nrfx.a
LOAD modules/segger/libmodules__segger.a
LOAD C:/ncs/v2.5.1/nrfxlib/nrf_modem/lib/nRF9160/soft-float/libmodem.a
LOAD zephyr/kernel/libkernel.a
LOAD zephyr/CMakeFiles/offsets.dir/./arch/arm/core/offsets/offsets.c.obj
LOAD c:/ncs/toolchains/c57af46cb7/opt/zephyr-sdk/arm-zephyr-eabi/bin/../lib/gcc/arm-zephyr-eabi/12.2.0/thumb/v8-m.main/nofp\libgcc.a
LOAD zephyr/arch/common/libisr_tables.a
LOAD tfm/secure_fw/s_veneers.o
LOAD modules/nrf/subsys/nrf_security/src/libmbedcrypto.a
LOAD C:/ncs/v2.5.1/nrfxlib/crypto/nrf_oberon/lib/cortex-m33/soft-float/liboberon_mbedtls_3.0.13.a
LOAD modules/nrf/subsys/nrf_security/src/libmbedcrypto_base.a
LOAD C:/ncs/v2.5.1/nrfxlib/crypto/nrf_oberon/lib/cortex-m33/soft-float/liboberon_3.0.13.a
LOAD c:\ncs\toolchains\c57af46cb7\opt\zephyr-sdk\arm-zephyr-eabi\bin\../lib/gcc/../../picolibc/arm-zephyr-eabi/lib/thumb/v8-m.main/nofp\libc.a
LOAD c:/ncs/toolchains/c57af46cb7/opt/zephyr-sdk/arm-zephyr-eabi/bin/../lib/gcc/arm-zephyr-eabi/12.2.0/thumb/v8-m.main/nofp\libgcc.a
                0x0000000000000020                _region_min_align = 0x20

.rel.plt        0x0000000000008000        0x0
 *(SORT_BY_ALIGNMENT(.rel.plt))
                [!provide]                        PROVIDE (__rel_iplt_start = .)
 *(SORT_BY_ALIGNMENT(.rel.iplt))
 .rel.iplt      0x0000000000008000        0x0 zephyr/CMakeFiles/zephyr_final.dir/isr_tables.c.obj
                [!provide]                        PROVIDE (__rel_iplt_end = .)

.rela.plt       0x0000000000000000        0x0
 *(SORT_BY_ALIGNMENT(.rela.plt))
                [!provide]                        PROVIDE (__rela_iplt_start = .)
 *(SORT_BY_ALIGNMENT(.rela.iplt))
                [!provide]                        PROVIDE (__rela_iplt_end = .)

.rel.dyn
 *(SORT_BY_ALIGNMENT(.rel.*))

.rela.dyn
 *(SORT_BY_ALIGNMENT(.rela.*))

/DISCARD/
 *(SORT_BY_ALIGNMENT(.plt))

/DISCARD/
 *(SORT_BY_ALIGNMENT(.iplt))
                0x0000000000008000                __rom_region_start = 0x8000

rom_start       0x0000000000008000      0x144
                0x0000000000008000                __rom_start_address = .
                0x0000000000008000                . = (. + (0x0 - (. - __rom_start_address)))
                0x0000000000008000                . = ALIGN (0x4)
                0x0000000000008000                . = ALIGN (0x80)
                0x0000000000008000                . = ALIGN (0x200)
                0x0000000000008000                _vector_start = .
 *(SORT_BY_ALIGNMENT(.exc_vector_table))
 *(SORT_BY_ALIGNMENT(.exc_vector_table.*))
 .exc_vector_table._vector_table_section
                0x0000000000008000       0x40 zephyr/arch/arch/arm/core/aarch32/cortex_m/libarch__arm__core__aarch32__cortex_m.a(vector_table.S.obj)
                0x0000000000008000                _vector_table
 *(SORT_BY_ALIGNMENT(.vectors))
                0x0000000000008144                _vector_end = .
                0x0000000000008040                . = ALIGN (0x4)
 *(SORT_BY_ALIGNMENT(.gnu.linkonce.irq_vector_table*))
 .gnu.linkonce.irq_vector_table
                0x0000000000008040      0x104 zephyr/CMakeFiles/zephyr_final.dir/isr_tables.c.obj
                0x0000000000008040                _irq_vector_table
                0x0000000000008144                _vector_end = .

text            0x0000000000008144     0x7b2c
                0x0000000000008144                __text_region_start = .
 *(SORT_BY_ALIGNMENT(.text))
 .text          0x0000000000008144       0x30 c:/ncs/toolchains/c57af46cb7/opt/zephyr-sdk/arm-zephyr-eabi/bin/../lib/gcc/arm-zephyr-eabi/12.2.0/thumb/v8-m.main/nofp\libgcc.a(_aeabi_uldivmod.o)
                0x0000000000008144                __aeabi_uldivmod
 .text          0x0000000000008174        0x4 c:/ncs/toolchains/c57af46cb7/opt/zephyr-sdk/arm-zephyr-eabi/bin/../lib/gcc/arm-zephyr-eabi/12.2.0/thumb/v8-m.main/nofp\libgcc.a(_dvmd_tls.o)
                0x0000000000008174                __aeabi_idiv0
                0x0000000000008174                __aeabi_ldiv0
 .text          0x0000000000008178      0x29c c:/ncs/toolchains/c57af46cb7/opt/zephyr-sdk/arm-zephyr-eabi/bin/../lib/gcc/arm-zephyr-eabi/12.2.0/thumb/v8-m.main/nofp\libgcc.a(_udivmoddi4.o)
                0x0000000000008178                __udivmoddi4
 .text          0x0000000000008414       0x10 c:\ncs\toolchains\c57af46cb7\opt\zephyr-sdk\arm-zephyr-eabi\bin\../lib/gcc/../../picolibc/arm-zephyr-eabi/lib/thumb/v8-m.main/nofp\libc.a(strcpy.S.o)
                0x0000000000008414                strcpy
 .text          0x0000000000008424       0x10 c:\ncs\toolchains\c57af46cb7\opt\zephyr-sdk\arm-zephyr-eabi\bin\../lib/gcc/../../picolibc/arm-zephyr-eabi/lib/thumb/v8-m.main/nofp\libc.a(strlen.S.o)
                0x0000000000008424                strlen
 *(SORT_BY_ALIGNMENT(.text.*))
 .text.cesq_mon
                0x0000000000008434       0x1c app/libapp.a(main.c.obj)
 .text.send_at  0x0000000000008450       0x40 app/libapp.a(main.c.obj)
 .text.psm_read
                0x0000000000008490       0x84 app/libapp.a(main.c.obj)
 .text.cereg_mon
                0x0000000000008514       0x90 app/libapp.a(main.c.obj)
 .text.main     0x00000000000085a4      0x180 app/libapp.a(main.c.obj)
                0x00000000000085a4                main
 .text.char_out
                0x0000000000008724        0xc zephyr/libzephyr.a(printk.c.obj)
 .text.__printk_hook_install
                0x0000000000008730        0xc zephyr/libzephyr.a(printk.c.obj)
                0x0000000000008730                __printk_hook_install
 .text.vprintk  0x000000000000873c       0x30 zephyr/libzephyr.a(printk.c.obj)
                0x000000000000873c                vprintk
 .text.z_thread_entry
                0x000000000000876c       0x34 zephyr/libzephyr.a(thread_entry.c.obj)
                0x000000000000876c                z_thread_entry
 .text.process_event
                0x00000000000087a0      0x21c zephyr/libzephyr.a(onoff.c.obj)
 .text.nordicsemi_nrf91_init
                0x00000000000089bc       0x10 zephyr/libzephyr.a(soc.c.obj)
 .text.arch_busy_wait
                0x00000000000089cc       0x14 zephyr/libzephyr.a(soc.c.obj)
                0x00000000000089cc                arch_busy_wait
 .text.z_arm_platform_init
                0x00000000000089e0        0x4 zephyr/libzephyr.a(soc_nrf_common.S.obj)
                0x00000000000089e0                z_arm_platform_init
 .text.z_arm_cpu_idle_init
                0x00000000000089e4        0xc zephyr/arch/arch/arm/core/aarch32/libarch__arm__core__aarch32.a(cpu_idle.S.obj)
                0x00000000000089e4                z_arm_cpu_idle_init
 .text.arch_cpu_idle
                0x00000000000089f0       0x1c zephyr/arch/arch/arm/core/aarch32/libarch__arm__core__aarch32.a(cpu_idle.S.obj)
                0x00000000000089f0                arch_cpu_idle
 .text.arch_cpu_atomic_idle
                0x0000000000008a0c       0x18 zephyr/arch/arch/arm/core/aarch32/libarch__arm__core__aarch32.a(cpu_idle.S.obj)
                0x0000000000008a0c                arch_cpu_atomic_idle
 .text.arch_irq_enable
                0x0000000000008a24       0x1c zephyr/arch/arch/arm/core/aarch32/libarch__arm__core__aarch32.a(irq_manage.c.obj)
                0x0000000000008a24                arch_irq_enable
 .text.arch_irq_is_enabled
                0x0000000000008a40       0x1c zephyr/arch/arch/arm/core/aarch32/libarch__arm__core__aarch32.a(irq_manage.c.obj)
                0x0000000000008a40                arch_irq_is_enabled
 .text.z_arm_irq_priority_set
                0x0000000000008a5c       0x2c zephyr/arch/arch/arm/core/aarch32/libarch__arm__core__aarch32.a(irq_manage.c.obj)
                0x0000000000008a5c                z_arm_irq_priority_set
 .text.z_SysNmiOnReset
                0x0000000000008a88        0x8 zephyr/arch/arch/arm/core/aarch32/libarch__arm__core__aarch32.a(nmi_on_reset.S.obj)
                0x0000000000008a88                z_SysNmiOnReset
 .text.z_arm_prep_c
                0x0000000000008a90       0x38 zephyr/arch/arch/arm/core/aarch32/libarch__arm__core__aarch32.a(prep_c.c.obj)
                0x0000000000008a90                z_arm_prep_c
 .text.arch_swap
                0x0000000000008ac8       0x34 zephyr/arch/arch/arm/core/aarch32/libarch__arm__core__aarch32.a(swap.c.obj)
                0x0000000000008ac8                arch_swap
 .text.z_arm_pendsv
                0x0000000000008afc       0x70 zephyr/arch/arch/arm/core/aarch32/libarch__arm__core__aarch32.a(swap_helper.S.obj)
                0x0000000000008afc                z_arm_pendsv
 .text.z_arm_svc
                0x0000000000008b6c       0x20 zephyr/arch/arch/arm/core/aarch32/libarch__arm__core__aarch32.a(swap_helper.S.obj)
                0x0000000000008b6c                z_arm_svc
 .text.arch_new_thread
                0x0000000000008b8c       0x3c zephyr/arch/arch/arm/core/aarch32/libarch__arm__core__aarch32.a(thread.c.obj)
                0x0000000000008b8c                arch_new_thread
 .text.arch_switch_to_main_thread
                0x0000000000008bc8       0x34 zephyr/arch/arch/arm/core/aarch32/libarch__arm__core__aarch32.a(thread.c.obj)
                0x0000000000008bc8                arch_switch_to_main_thread
 .text._isr_wrapper
                0x0000000000008bfc       0x28 zephyr/arch/arch/arm/core/aarch32/libarch__arm__core__aarch32.a(isr_wrapper.S.obj)
                0x0000000000008bfc                _isr_wrapper
 .text.arch_tls_stack_setup
                0x0000000000008c24       0x5c zephyr/arch/arch/arm/core/aarch32/libarch__arm__core__aarch32.a(tls.c.obj)
                0x0000000000008c24                arch_tls_stack_setup
 .text._HandlerModeExit
                0x0000000000008c80       0x1c zephyr/arch/arch/arm/core/aarch32/cortex_m/libarch__arm__core__aarch32__cortex_m.a(exc_exit.S.obj)
                0x0000000000008c80                z_arm_int_exit
                0x0000000000008c80                z_arm_exc_exit
 .text.usage_fault.constprop.0
                0x0000000000008c9c       0x5c zephyr/arch/arch/arm/core/aarch32/cortex_m/libarch__arm__core__aarch32__cortex_m.a(fault.c.obj)
 .text.bus_fault.constprop.0
                0x0000000000008cf8       0x6c zephyr/arch/arch/arm/core/aarch32/cortex_m/libarch__arm__core__aarch32__cortex_m.a(fault.c.obj)
 .text.mem_manage_fault.constprop.0
                0x0000000000008d64       0x78 zephyr/arch/arch/arm/core/aarch32/cortex_m/libarch__arm__core__aarch32__cortex_m.a(fault.c.obj)
 .text.z_arm_fault
                0x0000000000008ddc      0x130 zephyr/arch/arch/arm/core/aarch32/cortex_m/libarch__arm__core__aarch32__cortex_m.a(fault.c.obj)
                0x0000000000008ddc                z_arm_fault
 .text.z_arm_fault_init
                0x0000000000008f0c       0x18 zephyr/arch/arch/arm/core/aarch32/cortex_m/libarch__arm__core__aarch32__cortex_m.a(fault.c.obj)
                0x0000000000008f0c                z_arm_fault_init
 .text.__fault  0x0000000000008f24       0x14 zephyr/arch/arch/arm/core/aarch32/cortex_m/libarch__arm__core__aarch32__cortex_m.a(fault_s.S.obj)
                0x0000000000008f24                z_arm_usage_fault
                0x0000000000008f24                z_arm_mpu_fault
                0x0000000000008f24                z_arm_exc_spurious
                0x0000000000008f24                z_arm_debug_monitor
                0x0000000000008f24                z_arm_hard_fault
                0x0000000000008f24                z_arm_bus_fault
 .text.z_arm_interrupt_init
                0x0000000000008f38       0x18 zephyr/arch/arch/arm/core/aarch32/cortex_m/libarch__arm__core__aarch32__cortex_m.a(irq_init.c.obj)
                0x0000000000008f38                z_arm_interrupt_init
 .text._reset_section
                0x0000000000008f50       0x60 zephyr/arch/arch/arm/core/aarch32/cortex_m/libarch__arm__core__aarch32__cortex_m.a(reset.S.obj)
                0x0000000000008f50                __start
                0x0000000000008f50                z_arm_reset
 .text.sys_arch_reboot
                0x0000000000008fb0       0x24 zephyr/arch/arch/arm/core/aarch32/cortex_m/libarch__arm__core__aarch32__cortex_m.a(scb.c.obj)
                0x0000000000008fb0                sys_arch_reboot
 .text.z_arm_clear_arm_mpu_config
                0x0000000000008fd4       0x24 zephyr/arch/arch/arm/core/aarch32/cortex_m/libarch__arm__core__aarch32__cortex_m.a(scb.c.obj)
                0x0000000000008fd4                z_arm_clear_arm_mpu_config
 .text.z_arm_init_arch_hw_at_boot
                0x0000000000008ff8       0x4c zephyr/arch/arch/arm/core/aarch32/cortex_m/libarch__arm__core__aarch32__cortex_m.a(scb.c.obj)
                0x0000000000008ff8                z_arm_init_arch_hw_at_boot
 .text.z_impl_k_thread_abort
                0x0000000000009044       0x2c zephyr/arch/arch/arm/core/aarch32/cortex_m/libarch__arm__core__aarch32__cortex_m.a(thread_abort.c.obj)
                0x0000000000009044                z_impl_k_thread_abort
 .text.z_arm_configure_static_mpu_regions
                0x0000000000009070       0x38 zephyr/arch/arch/arm/core/aarch32/mpu/libarch__arm__core__aarch32__mpu.a(arm_core_mpu.c.obj)
                0x0000000000009070                z_arm_configure_static_mpu_regions
 .text.region_init
                0x00000000000090a8       0x34 zephyr/arch/arch/arm/core/aarch32/mpu/libarch__arm__core__aarch32__mpu.a(arm_mpu.c.obj)
 .text.mpu_configure_regions_and_partition.constprop.0
                0x00000000000090dc      0x14c zephyr/arch/arch/arm/core/aarch32/mpu/libarch__arm__core__aarch32__mpu.a(arm_mpu.c.obj)
 .text.arm_core_mpu_enable
                0x0000000000009228       0x18 zephyr/arch/arch/arm/core/aarch32/mpu/libarch__arm__core__aarch32__mpu.a(arm_mpu.c.obj)
                0x0000000000009228                arm_core_mpu_enable
 .text.arm_core_mpu_disable
                0x0000000000009240       0x14 zephyr/arch/arch/arm/core/aarch32/mpu/libarch__arm__core__aarch32__mpu.a(arm_mpu.c.obj)
                0x0000000000009240                arm_core_mpu_disable
 .text.arm_core_mpu_configure_static_mpu_regions
                0x0000000000009254       0x14 zephyr/arch/arch/arm/core/aarch32/mpu/libarch__arm__core__aarch32__mpu.a(arm_mpu.c.obj)
                0x0000000000009254                arm_core_mpu_configure_static_mpu_regions
 .text.arm_core_mpu_mark_areas_for_dynamic_regions
                0x0000000000009268       0xb8 zephyr/arch/arch/arm/core/aarch32/mpu/libarch__arm__core__aarch32__mpu.a(arm_mpu.c.obj)
                0x0000000000009268                arm_core_mpu_mark_areas_for_dynamic_regions
 .text.z_arm_mpu_init
                0x0000000000009320       0x4c zephyr/arch/arch/arm/core/aarch32/mpu/libarch__arm__core__aarch32__mpu.a(arm_mpu.c.obj)
                0x0000000000009320                z_arm_mpu_init
 .text.z_impl_zephyr_fputc
                0x000000000000936c       0x10 zephyr/lib/libc/picolibc/liblib__libc__picolibc.a(libc-hooks.c.obj)
                0x000000000000936c                z_impl_zephyr_fputc
 .text.__stdout_hook_install
                0x000000000000937c       0x18 zephyr/lib/libc/picolibc/liblib__libc__picolibc.a(libc-hooks.c.obj)
                0x000000000000937c                __stdout_hook_install
 .text.malloc_prepare
                0x0000000000009394       0x24 zephyr/lib/libc/common/liblib__libc__common.a(malloc.c.obj)
 .text.onoff_stop
                0x00000000000093b8       0x30 zephyr/drivers/clock_control/libdrivers__clock_control.a(clock_control_nrf.c.obj)
 .text.onoff_start
                0x00000000000093e8       0x44 zephyr/drivers/clock_control/libdrivers__clock_control.a(clock_control_nrf.c.obj)
 .text.clk_init
                0x000000000000942c       0x58 zephyr/drivers/clock_control/libdrivers__clock_control.a(clock_control_nrf.c.obj)
 .text.clkstarted_handle.constprop.0
                0x0000000000009484       0x34 zephyr/drivers/clock_control/libdrivers__clock_control.a(clock_control_nrf.c.obj)
 .text.clock_event_handler
                0x00000000000094b8       0x1c zephyr/drivers/clock_control/libdrivers__clock_control.a(clock_control_nrf.c.obj)
 .text.generic_hfclk_start
                0x00000000000094d4       0x64 zephyr/drivers/clock_control/libdrivers__clock_control.a(clock_control_nrf.c.obj)
 .text.api_blocking_start
                0x0000000000009538       0x34 zephyr/drivers/clock_control/libdrivers__clock_control.a(clock_control_nrf.c.obj)
 .text.generic_hfclk_stop
                0x000000000000956c       0x34 zephyr/drivers/clock_control/libdrivers__clock_control.a(clock_control_nrf.c.obj)
 .text.z_nrf_clock_control_lf_on
                0x00000000000095a0       0xf8 zephyr/drivers/clock_control/libdrivers__clock_control.a(clock_control_nrf.c.obj)
                0x00000000000095a0                z_nrf_clock_control_lf_on
 .text.rtt_console_init
                0x0000000000009698       0x18 zephyr/drivers/console/libdrivers__console.a(rtt_console.c.obj)
 .text.rtt_console_out
                0x00000000000096b0       0x58 zephyr/drivers/console/libdrivers__console.a(rtt_console.c.obj)
 .text.uart_console_init
                0x0000000000009708       0x28 zephyr/drivers/console/libdrivers__console.a(uart_console.c.obj)
 .text.console_out
                0x0000000000009730       0x28 zephyr/drivers/console/libdrivers__console.a(uart_console.c.obj)
 .text.gpio_nrfx_pin_interrupt_configure
                0x0000000000009758       0xd8 zephyr/drivers/gpio/libdrivers__gpio.a(gpio_nrfx.c.obj)
 .text.gpio_nrfx_init
                0x0000000000009830       0x38 zephyr/drivers/gpio/libdrivers__gpio.a(gpio_nrfx.c.obj)
 .text.nrfx_gpio_handler
                0x0000000000009868       0x3c zephyr/drivers/gpio/libdrivers__gpio.a(gpio_nrfx.c.obj)
 .text.gpio_nrfx_pin_configure
                0x00000000000098a4      0x124 zephyr/drivers/gpio/libdrivers__gpio.a(gpio_nrfx.c.obj)
 .text.pinctrl_configure_pins
                0x00000000000099c8      0x15c zephyr/drivers/pinctrl/libdrivers__pinctrl.a(pinctrl_nrf.c.obj)
                0x00000000000099c8                pinctrl_configure_pins
 .text.uarte_nrfx_configure
                0x0000000000009b24      0x168 zephyr/drivers/serial/libdrivers__serial.a(uart_nrfx_uarte.c.obj)
 .text.uarte_0_init
                0x0000000000009c8c       0xe8 zephyr/drivers/serial/libdrivers__serial.a(uart_nrfx_uarte.c.obj)
 .text.uarte_nrfx_poll_out
                0x0000000000009d74       0xcc zephyr/drivers/serial/libdrivers__serial.a(uart_nrfx_uarte.c.obj)
 .text.compare_int_lock
                0x0000000000009e40       0x40 zephyr/drivers/timer/libdrivers__timer.a(nrf_rtc_timer.c.obj)
 .text.sys_clock_timeout_handler
                0x0000000000009e80       0x48 zephyr/drivers/timer/libdrivers__timer.a(nrf_rtc_timer.c.obj)
 .text.compare_int_unlock
                0x0000000000009ec8       0x4c zephyr/drivers/timer/libdrivers__timer.a(nrf_rtc_timer.c.obj)
 .text.z_nrf_rtc_timer_read
                0x0000000000009f14       0x44 zephyr/drivers/timer/libdrivers__timer.a(nrf_rtc_timer.c.obj)
                0x0000000000009f14                z_nrf_rtc_timer_read
 .text.compare_set
                0x0000000000009f58      0x124 zephyr/drivers/timer/libdrivers__timer.a(nrf_rtc_timer.c.obj)
 .text.sys_clock_driver_init
                0x000000000000a07c       0x90 zephyr/drivers/timer/libdrivers__timer.a(nrf_rtc_timer.c.obj)
 .text.rtc_nrf_isr
                0x000000000000a10c       0xd0 zephyr/drivers/timer/libdrivers__timer.a(nrf_rtc_timer.c.obj)
                0x000000000000a10c                rtc_nrf_isr
 .text.sys_clock_set_timeout
                0x000000000000a1dc       0x64 zephyr/drivers/timer/libdrivers__timer.a(nrf_rtc_timer.c.obj)
                0x000000000000a1dc                sys_clock_set_timeout
 .text.sys_clock_elapsed
                0x000000000000a240       0x14 zephyr/drivers/timer/libdrivers__timer.a(nrf_rtc_timer.c.obj)
                0x000000000000a240                sys_clock_elapsed
 .text.nrf_modem_lib_dfu_handler
                0x000000000000a254       0x24 modules/nrf/lib/nrf_modem_lib/lib..__nrf__lib__nrf_modem_lib.a(nrf_modem_lib.c.obj)
 .text.nrf_modem_lib_init
                0x000000000000a278       0x38 modules/nrf/lib/nrf_modem_lib/lib..__nrf__lib__nrf_modem_lib.a(nrf_modem_lib.c.obj)
                0x000000000000a278                nrf_modem_lib_init
 .text.nrf_modem_lib_shutdown
                0x000000000000a2b0       0x54 modules/nrf/lib/nrf_modem_lib/lib..__nrf__lib__nrf_modem_lib.a(nrf_modem_lib.c.obj)
                0x000000000000a2b0                nrf_modem_lib_shutdown
 .text.thread_monitor_entry_get
                0x000000000000a304       0x48 modules/nrf/lib/nrf_modem_lib/lib..__nrf__lib__nrf_modem_lib.a(nrf_modem_os.c.obj)
 .text.on_init  0x000000000000a34c       0x20 modules/nrf/lib/nrf_modem_lib/lib..__nrf__lib__nrf_modem_lib.a(nrf_modem_os.c.obj)
 .text.nrf_modem_os_timedwait
                0x000000000000a36c      0x194 modules/nrf/lib/nrf_modem_lib/lib..__nrf__lib__nrf_modem_lib.a(nrf_modem_os.c.obj)
                0x000000000000a36c                nrf_modem_os_timedwait
 .text.nrf_modem_os_errno_set
                0x000000000000a500       0x14 modules/nrf/lib/nrf_modem_lib/lib..__nrf__lib__nrf_modem_lib.a(nrf_modem_os.c.obj)
                0x000000000000a500                nrf_modem_os_errno_set
 .text.nrf_modem_os_sem_init
                0x000000000000a514       0x34 modules/nrf/lib/nrf_modem_lib/lib..__nrf__lib__nrf_modem_lib.a(nrf_modem_os.c.obj)
                0x000000000000a514                nrf_modem_os_sem_init
 .text.nrf_modem_os_event_notify
                0x000000000000a548       0x38 modules/nrf/lib/nrf_modem_lib/lib..__nrf__lib__nrf_modem_lib.a(nrf_modem_os.c.obj)
                0x000000000000a548                nrf_modem_os_event_notify
 .text.nrf_modem_os_alloc
                0x000000000000a580       0x10 modules/nrf/lib/nrf_modem_lib/lib..__nrf__lib__nrf_modem_lib.a(nrf_modem_os.c.obj)
                0x000000000000a580                nrf_modem_os_alloc
 .text.nrf_modem_os_free
                0x000000000000a590        0xc modules/nrf/lib/nrf_modem_lib/lib..__nrf__lib__nrf_modem_lib.a(nrf_modem_os.c.obj)
                0x000000000000a590                nrf_modem_os_free
 .text.nrf_modem_os_shm_tx_alloc
                0x000000000000a59c       0x10 modules/nrf/lib/nrf_modem_lib/lib..__nrf__lib__nrf_modem_lib.a(nrf_modem_os.c.obj)
                0x000000000000a59c                nrf_modem_os_shm_tx_alloc
 .text.nrf_modem_os_shm_tx_free
                0x000000000000a5ac        0xc modules/nrf/lib/nrf_modem_lib/lib..__nrf__lib__nrf_modem_lib.a(nrf_modem_os.c.obj)
                0x000000000000a5ac                nrf_modem_os_shm_tx_free
 .text.nrf_modem_os_init
                0x000000000000a5b8       0x30 modules/nrf/lib/nrf_modem_lib/lib..__nrf__lib__nrf_modem_lib.a(nrf_modem_os.c.obj)
                0x000000000000a5b8                nrf_modem_os_init
 .text.nrf_modem_os_shutdown
                0x000000000000a5e8       0x18 modules/nrf/lib/nrf_modem_lib/lib..__nrf__lib__nrf_modem_lib.a(nrf_modem_os.c.obj)
                0x000000000000a5e8                nrf_modem_os_shutdown
 .text.at_monitor_sys_init
                0x000000000000a600       0x10 modules/nrf/lib/at_monitor/lib..__nrf__lib__at_monitor.a(at_monitor.c.obj)
 .text.at_monitor_task
                0x000000000000a610       0x64 modules/nrf/lib/at_monitor/lib..__nrf__lib__at_monitor.a(at_monitor.c.obj)
 .text.at_monitor_dispatch
                0x000000000000a674       0x80 modules/nrf/lib/at_monitor/lib..__nrf__lib__at_monitor.a(at_monitor.c.obj)
                0x000000000000a674                at_monitor_dispatch
 .text.on_modem_lib_init
                0x000000000000a6f4       0x28 modules/nrf/lib/modem_antenna/lib..__nrf__lib__modem_antenna.a(modem_antenna.c.obj)
 .text.tfm_ns_interface_dispatch
                0x000000000000a71c       0x64 modules/trusted-firmware-m/libtfm_api.a(interface.c.obj)
                0x000000000000a71c                tfm_ns_interface_dispatch
 .text.psa_generate_random
                0x000000000000a780       0x40 modules/trusted-firmware-m/libtfm_api.a(tfm_crypto_api.c.obj)
                0x000000000000a780                psa_generate_random
 .text.psa_call
                0x000000000000a7c0       0x38 modules/trusted-firmware-m/libtfm_api.a(tfm_psa_ns_api.c.obj)
                0x000000000000a7c0                psa_call
 .text.nrfx_flag32_alloc
                0x000000000000a7f8       0x40 modules/hal_nordic/nrfx/libmodules__hal_nordic__nrfx.a(nrfx_flag32_allocator.c.obj)
                0x000000000000a7f8                nrfx_flag32_alloc
 .text.nrfx_flag32_free
                0x000000000000a838       0x38 modules/hal_nordic/nrfx/libmodules__hal_nordic__nrfx.a(nrfx_flag32_allocator.c.obj)
                0x000000000000a838                nrfx_flag32_free
 .text.nrfx_gppi_channels_enable
                0x000000000000a870        0xc modules/hal_nordic/nrfx/libmodules__hal_nordic__nrfx.a(nrfx_gppi_dppi.c.obj)
                0x000000000000a870                nrfx_gppi_channels_enable
 .text.clock_stop
                0x000000000000a87c       0xb0 modules/hal_nordic/nrfx/libmodules__hal_nordic__nrfx.a(nrfx_clock.c.obj)
 .text.nrfx_clock_init
                0x000000000000a92c       0x20 modules/hal_nordic/nrfx/libmodules__hal_nordic__nrfx.a(nrfx_clock.c.obj)
                0x000000000000a92c                nrfx_clock_init
 .text.nrfx_clock_enable
                0x000000000000a94c       0x20 modules/hal_nordic/nrfx/libmodules__hal_nordic__nrfx.a(nrfx_clock.c.obj)
                0x000000000000a94c                nrfx_clock_enable
 .text.nrfx_clock_start
                0x000000000000a96c       0x80 modules/hal_nordic/nrfx/libmodules__hal_nordic__nrfx.a(nrfx_clock.c.obj)
                0x000000000000a96c                nrfx_clock_start
 .text.nrfx_power_clock_irq_handler
                0x000000000000a9ec       0x64 modules/hal_nordic/nrfx/libmodules__hal_nordic__nrfx.a(nrfx_clock.c.obj)
                0x000000000000a9ec                nrfx_power_clock_irq_handler
 .text.nrfx_dppi_channel_alloc
                0x000000000000aa50        0xc modules/hal_nordic/nrfx/libmodules__hal_nordic__nrfx.a(nrfx_dppi.c.obj)
                0x000000000000aa50                nrfx_dppi_channel_alloc
 .text.nrf_gpio_pin_port_decode
                0x000000000000aa5c       0x18 modules/hal_nordic/nrfx/libmodules__hal_nordic__nrfx.a(nrfx_gpiote.c.obj)
 .text.pin_in_use_by_te
                0x000000000000aa74       0x14 modules/hal_nordic/nrfx/libmodules__hal_nordic__nrfx.a(nrfx_gpiote.c.obj)
 .text.pin_is_output
                0x000000000000aa88       0x14 modules/hal_nordic/nrfx/libmodules__hal_nordic__nrfx.a(nrfx_gpiote.c.obj)
 .text.pin_te_get
                0x000000000000aa9c       0x14 modules/hal_nordic/nrfx/libmodules__hal_nordic__nrfx.a(nrfx_gpiote.c.obj)
 .text.call_handler
                0x000000000000aab0       0x3c modules/hal_nordic/nrfx/libmodules__hal_nordic__nrfx.a(nrfx_gpiote.c.obj)
 .text.release_handler
                0x000000000000aaec       0x54 modules/hal_nordic/nrfx/libmodules__hal_nordic__nrfx.a(nrfx_gpiote.c.obj)
 .text.__nrfy_internal_gpiote_events_process.constprop.0
                0x000000000000ab40       0x5c modules/hal_nordic/nrfx/libmodules__hal_nordic__nrfx.a(nrfx_gpiote.c.obj)
 .text.nrfx_gpiote_input_configure
                0x000000000000ab9c      0x168 modules/hal_nordic/nrfx/libmodules__hal_nordic__nrfx.a(nrfx_gpiote.c.obj)
                0x000000000000ab9c                nrfx_gpiote_input_configure
 .text.nrfx_gpiote_output_configure
                0x000000000000ad04       0xf0 modules/hal_nordic/nrfx/libmodules__hal_nordic__nrfx.a(nrfx_gpiote.c.obj)
                0x000000000000ad04                nrfx_gpiote_output_configure
 .text.nrfx_gpiote_global_callback_set
                0x000000000000adf4        0xc modules/hal_nordic/nrfx/libmodules__hal_nordic__nrfx.a(nrfx_gpiote.c.obj)
                0x000000000000adf4                nrfx_gpiote_global_callback_set
 .text.nrfx_gpiote_channel_get
                0x000000000000ae00       0x2c modules/hal_nordic/nrfx/libmodules__hal_nordic__nrfx.a(nrfx_gpiote.c.obj)
                0x000000000000ae00                nrfx_gpiote_channel_get
 .text.nrfx_gpiote_init
                0x000000000000ae2c       0x50 modules/hal_nordic/nrfx/libmodules__hal_nordic__nrfx.a(nrfx_gpiote.c.obj)
                0x000000000000ae2c                nrfx_gpiote_init
 .text.nrfx_gpiote_is_init
                0x000000000000ae7c       0x14 modules/hal_nordic/nrfx/libmodules__hal_nordic__nrfx.a(nrfx_gpiote.c.obj)
                0x000000000000ae7c                nrfx_gpiote_is_init
 .text.nrfx_gpiote_channel_free
                0x000000000000ae90        0xc modules/hal_nordic/nrfx/libmodules__hal_nordic__nrfx.a(nrfx_gpiote.c.obj)
                0x000000000000ae90                nrfx_gpiote_channel_free
 .text.nrfx_gpiote_channel_alloc
                0x000000000000ae9c        0xc modules/hal_nordic/nrfx/libmodules__hal_nordic__nrfx.a(nrfx_gpiote.c.obj)
                0x000000000000ae9c                nrfx_gpiote_channel_alloc
 .text.nrfx_gpiote_trigger_enable
                0x000000000000aea8       0x94 modules/hal_nordic/nrfx/libmodules__hal_nordic__nrfx.a(nrfx_gpiote.c.obj)
                0x000000000000aea8                nrfx_gpiote_trigger_enable
 .text.nrfx_gpiote_trigger_disable
                0x000000000000af3c       0x4c modules/hal_nordic/nrfx/libmodules__hal_nordic__nrfx.a(nrfx_gpiote.c.obj)
                0x000000000000af3c                nrfx_gpiote_trigger_disable
 .text.nrfx_gpiote_pin_uninit
                0x000000000000af88       0x80 modules/hal_nordic/nrfx/libmodules__hal_nordic__nrfx.a(nrfx_gpiote.c.obj)
                0x000000000000af88                nrfx_gpiote_pin_uninit
 .text.nrfx_gpiote_irq_handler
                0x000000000000b008      0x14c modules/hal_nordic/nrfx/libmodules__hal_nordic__nrfx.a(nrfx_gpiote.c.obj)
                0x000000000000b008                nrfx_gpiote_irq_handler
 .text.nrfx_ipc_init
                0x000000000000b154       0x30 modules/hal_nordic/nrfx/libmodules__hal_nordic__nrfx.a(nrfx_ipc.c.obj)
                0x000000000000b154                nrfx_ipc_init
 .text.nrfx_ipc_config_load
                0x000000000000b184       0x40 modules/hal_nordic/nrfx/libmodules__hal_nordic__nrfx.a(nrfx_ipc.c.obj)
                0x000000000000b184                nrfx_ipc_config_load
 .text.nrfx_ipc_uninit
                0x000000000000b1c4       0x5c modules/hal_nordic/nrfx/libmodules__hal_nordic__nrfx.a(nrfx_ipc.c.obj)
                0x000000000000b1c4                nrfx_ipc_uninit
 .text.nrfx_ipc_receive_event_enable
                0x000000000000b220       0x10 modules/hal_nordic/nrfx/libmodules__hal_nordic__nrfx.a(nrfx_ipc.c.obj)
                0x000000000000b220                nrfx_ipc_receive_event_enable
 .text.nrfx_ipc_receive_event_disable
                0x000000000000b230       0x10 modules/hal_nordic/nrfx/libmodules__hal_nordic__nrfx.a(nrfx_ipc.c.obj)
                0x000000000000b230                nrfx_ipc_receive_event_disable
 .text.nrfx_ipc_irq_handler
                0x000000000000b240       0x40 modules/hal_nordic/nrfx/libmodules__hal_nordic__nrfx.a(nrfx_ipc.c.obj)
                0x000000000000b240                nrfx_ipc_irq_handler
 .text._DoInit  0x000000000000b280       0x68 modules/segger/libmodules__segger.a(SEGGER_RTT.c.obj)
 .text.SEGGER_RTT_WriteNoLock
                0x000000000000b2e8       0x58 modules/segger/libmodules__segger.a(SEGGER_RTT.c.obj)
                0x000000000000b2e8                SEGGER_RTT_WriteNoLock
 .text.rpc_handle_data_message
                0x000000000000b340       0x38 C:/ncs/v2.5.1/nrfxlib/nrf_modem/lib/nRF9160/soft-float/libmodem.a(rpc_framework.c.obj)
                0x000000000000b340                rpc_handle_data_message
 .text.rpc_transport_init
                0x000000000000b378        0xc C:/ncs/v2.5.1/nrfxlib/nrf_modem/lib/nRF9160/soft-float/libmodem.a(rpc_transport.c.obj)
                0x000000000000b378                rpc_transport_init
 .text.rpc_transport_msg_alloc
                0x000000000000b384        0xc C:/ncs/v2.5.1/nrfxlib/nrf_modem/lib/nRF9160/soft-float/libmodem.a(rpc_transport.c.obj)
                0x000000000000b384                rpc_transport_msg_alloc
 .text.rpc_transport_msg_rx_free
                0x000000000000b390        0xc C:/ncs/v2.5.1/nrfxlib/nrf_modem/lib/nRF9160/soft-float/libmodem.a(rpc_transport.c.obj)
                0x000000000000b390                rpc_transport_msg_rx_free
 .text.rpc_transport_msg_data_rx_free
                0x000000000000b39c        0xc C:/ncs/v2.5.1/nrfxlib/nrf_modem/lib/nRF9160/soft-float/libmodem.a(rpc_transport.c.obj)
                0x000000000000b39c                rpc_transport_msg_data_rx_free
 .text.rpc_transport_msg_send
                0x000000000000b3a8        0xc C:/ncs/v2.5.1/nrfxlib/nrf_modem/lib/nRF9160/soft-float/libmodem.a(rpc_transport.c.obj)
                0x000000000000b3a8                rpc_transport_msg_send
 .text.rpc_transport_request_shutdown
                0x000000000000b3b4        0xc C:/ncs/v2.5.1/nrfxlib/nrf_modem/lib/nRF9160/soft-float/libmodem.a(rpc_transport.c.obj)
                0x000000000000b3b4                rpc_transport_request_shutdown
 .text.rpc_transport_shutdown
                0x000000000000b3c0        0xc C:/ncs/v2.5.1/nrfxlib/nrf_modem/lib/nRF9160/soft-float/libmodem.a(rpc_transport.c.obj)
                0x000000000000b3c0                rpc_transport_shutdown
 .text.rpc_transport_ipc_msg_data_tx_size
                0x000000000000b3cc        0xc C:/ncs/v2.5.1/nrfxlib/nrf_modem/lib/nRF9160/soft-float/libmodem.a(rpc_transport_ipc.c.obj)
 .text.rpc_transport_ipc_msg_rx_free
                0x000000000000b3d8       0x4c C:/ncs/v2.5.1/nrfxlib/nrf_modem/lib/nRF9160/soft-float/libmodem.a(rpc_transport_ipc.c.obj)
 .text.rpc_transport_ipc_msg_tx_free
                0x000000000000b424       0x38 C:/ncs/v2.5.1/nrfxlib/nrf_modem/lib/nRF9160/soft-float/libmodem.a(rpc_transport_ipc.c.obj)
 .text.handle_modem_rpc_msg
                0x000000000000b45c       0x78 C:/ncs/v2.5.1/nrfxlib/nrf_modem/lib/nRF9160/soft-float/libmodem.a(rpc_transport_ipc.c.obj)
 .text.rpc_message_handler
                0x000000000000b4d4       0x24 C:/ncs/v2.5.1/nrfxlib/nrf_modem/lib/nRF9160/soft-float/libmodem.a(rpc_transport_ipc.c.obj)
 .text.ipc_irq_handler
                0x000000000000b4f8       0xfc C:/ncs/v2.5.1/nrfxlib/nrf_modem/lib/nRF9160/soft-float/libmodem.a(rpc_transport_ipc.c.obj)
                0x000000000000b4f8                ipc_irq_handler
 .text.rpc_transport_ipc_data_msg_send
                0x000000000000b5f4       0x6c C:/ncs/v2.5.1/nrfxlib/nrf_modem/lib/nRF9160/soft-float/libmodem.a(rpc_transport_ipc.c.obj)
 .text.rpc_transport_ipc_ctrl_msg_alloc
                0x000000000000b660       0x44 C:/ncs/v2.5.1/nrfxlib/nrf_modem/lib/nRF9160/soft-float/libmodem.a(rpc_transport_ipc.c.obj)
 .text.rpc_transport_ipc_data_msg_alloc
                0x000000000000b6a4       0x24 C:/ncs/v2.5.1/nrfxlib/nrf_modem/lib/nRF9160/soft-float/libmodem.a(rpc_transport_ipc.c.obj)
 .text.rpc_transport_ipc_init
                0x000000000000b6c8      0x1cc C:/ncs/v2.5.1/nrfxlib/nrf_modem/lib/nRF9160/soft-float/libmodem.a(rpc_transport_ipc.c.obj)
 .text.rpc_transport_ipc_ctrl_msg_send
                0x000000000000b894       0x6c C:/ncs/v2.5.1/nrfxlib/nrf_modem/lib/nRF9160/soft-float/libmodem.a(rpc_transport_ipc.c.obj)
 .text.rpc_transport_ipc_request_shutdown
                0x000000000000b900       0x38 C:/ncs/v2.5.1/nrfxlib/nrf_modem/lib/nRF9160/soft-float/libmodem.a(rpc_transport_ipc.c.obj)
 .text.rpc_transport_ipc_msg_data_rx_free
                0x000000000000b938       0x30 C:/ncs/v2.5.1/nrfxlib/nrf_modem/lib/nRF9160/soft-float/libmodem.a(rpc_transport_ipc.c.obj)
 .text.at_cmd_send
                0x000000000000b968       0x74 C:/ncs/v2.5.1/nrfxlib/nrf_modem/lib/nRF9160/soft-float/libmodem.a(nrf_modem_at.c.obj)
 .text.at_response_match
                0x000000000000b9dc       0x48 C:/ncs/v2.5.1/nrfxlib/nrf_modem/lib/nRF9160/soft-float/libmodem.a(nrf_modem_at.c.obj)
 .text.at_cmd_vsprintf
                0x000000000000ba24       0x50 C:/ncs/v2.5.1/nrfxlib/nrf_modem/lib/nRF9160/soft-float/libmodem.a(nrf_modem_at.c.obj)
 .text.nrf_modem_at_notif_handler_set
                0x000000000000ba74        0xc C:/ncs/v2.5.1/nrfxlib/nrf_modem/lib/nRF9160/soft-float/libmodem.a(nrf_modem_at.c.obj)
                0x000000000000ba74                nrf_modem_at_notif_handler_set
 .text.nrf_modem_at_printf
                0x000000000000ba80       0x8c C:/ncs/v2.5.1/nrfxlib/nrf_modem/lib/nRF9160/soft-float/libmodem.a(nrf_modem_at.c.obj)
                0x000000000000ba80                nrf_modem_at_printf
 .text.nrf_modem_at_cmd
                0x000000000000bb0c      0x124 C:/ncs/v2.5.1/nrfxlib/nrf_modem/lib/nRF9160/soft-float/libmodem.a(nrf_modem_at.c.obj)
                0x000000000000bb0c                nrf_modem_at_cmd
 .text.nrf_modem_at_scanf
                0x000000000000bc30       0xb4 C:/ncs/v2.5.1/nrfxlib/nrf_modem/lib/nRF9160/soft-float/libmodem.a(nrf_modem_at.c.obj)
                0x000000000000bc30                nrf_modem_at_scanf
 .text.rpc_at_event_handler
                0x000000000000bce4       0x8c C:/ncs/v2.5.1/nrfxlib/nrf_modem/lib/nRF9160/soft-float/libmodem.a(nrf_modem_at.c.obj)
                0x000000000000bce4                rpc_at_event_handler
 .text.rpc_at_init
                0x000000000000bd70       0x34 C:/ncs/v2.5.1/nrfxlib/nrf_modem/lib/nRF9160/soft-float/libmodem.a(nrf_modem_at.c.obj)
                0x000000000000bd70                rpc_at_init
 .text.sock_init
                0x000000000000bda4       0x38 C:/ncs/v2.5.1/nrfxlib/nrf_modem/lib/nRF9160/soft-float/libmodem.a(sock.c.obj)
                0x000000000000bda4                sock_init
 .text.sock_find
                0x000000000000bddc       0x24 C:/ncs/v2.5.1/nrfxlib/nrf_modem/lib/nRF9160/soft-float/libmodem.a(sock.c.obj)
                0x000000000000bddc                sock_find
 .text._sock_close
                0x000000000000be00       0x2c C:/ncs/v2.5.1/nrfxlib/nrf_modem/lib/nRF9160/soft-float/libmodem.a(sock.c.obj)
                0x000000000000be00                _sock_close
 .text.sock_shutdown
                0x000000000000be2c       0x24 C:/ncs/v2.5.1/nrfxlib/nrf_modem/lib/nRF9160/soft-float/libmodem.a(sock.c.obj)
                0x000000000000be2c                sock_shutdown
 .text.sock_rpc_flow_control_set
                0x000000000000be50       0x54 C:/ncs/v2.5.1/nrfxlib/nrf_modem/lib/nRF9160/soft-float/libmodem.a(sock.c.obj)
                0x000000000000be50                sock_rpc_flow_control_set
 .text.sock_apn_rate_control_set
                0x000000000000bea4       0x28 C:/ncs/v2.5.1/nrfxlib/nrf_modem/lib/nRF9160/soft-float/libmodem.a(sock.c.obj)
                0x000000000000bea4                sock_apn_rate_control_set
 .text.on_getaddrinfo_res
                0x000000000000becc       0x18 C:/ncs/v2.5.1/nrfxlib/nrf_modem/lib/nRF9160/soft-float/libmodem.a(dns.c.obj)
                0x000000000000becc                on_getaddrinfo_res
 .text.addrinfo_init
                0x000000000000bee4       0x1c C:/ncs/v2.5.1/nrfxlib/nrf_modem/lib/nRF9160/soft-float/libmodem.a(dns.c.obj)
                0x000000000000bee4                addrinfo_init
 .text.rpc_ip_init
                0x000000000000bf00       0x24 C:/ncs/v2.5.1/nrfxlib/nrf_modem/lib/nRF9160/soft-float/libmodem.a(ip.c.obj)
                0x000000000000bf00                rpc_ip_init
 .text.on_tls_attach_res
                0x000000000000bf24       0x28 C:/ncs/v2.5.1/nrfxlib/nrf_modem/lib/nRF9160/soft-float/libmodem.a(tls.c.obj)
                0x000000000000bf24                on_tls_attach_res
 .text.on_tls_handshake_ntf
                0x000000000000bf4c       0x34 C:/ncs/v2.5.1/nrfxlib/nrf_modem/lib/nRF9160/soft-float/libmodem.a(tls.c.obj)
                0x000000000000bf4c                on_tls_handshake_ntf
 .text.tls_attach
                0x000000000000bf80       0xf0 C:/ncs/v2.5.1/nrfxlib/nrf_modem/lib/nRF9160/soft-float/libmodem.a(tls.c.obj)
                0x000000000000bf80                tls_attach
 .text.rpc_error_to_nrf_errno
                0x000000000000c070       0x18 C:/ncs/v2.5.1/nrfxlib/nrf_modem/lib/nRF9160/soft-float/libmodem.a(tables.c.obj)
                0x000000000000c070                rpc_error_to_nrf_errno
 .text.rpc_gnss_event_handler
                0x000000000000c088      0x134 C:/ncs/v2.5.1/nrfxlib/nrf_modem/lib/nRF9160/soft-float/libmodem.a(nrf_modem_gnss.c.obj)
                0x000000000000c088                rpc_gnss_event_handler
 .text.rpc_gnss_init
                0x000000000000c1bc       0x44 C:/ncs/v2.5.1/nrfxlib/nrf_modem/lib/nRF9160/soft-float/libmodem.a(nrf_modem_gnss.c.obj)
                0x000000000000c1bc                rpc_gnss_init
 .text.rpc_gnss_deinit
                0x000000000000c200       0x3c C:/ncs/v2.5.1/nrfxlib/nrf_modem/lib/nRF9160/soft-float/libmodem.a(nrf_modem_gnss.c.obj)
                0x000000000000c200                rpc_gnss_deinit
 .text.rpc_softsim_event_handler
                0x000000000000c23c       0x20 C:/ncs/v2.5.1/nrfxlib/nrf_modem/lib/nRF9160/soft-float/libmodem.a(nrf_modem_softsim.c.obj)
                0x000000000000c23c                rpc_softsim_event_handler
 .text.modem_off
                0x000000000000c25c       0x28 C:/ncs/v2.5.1/nrfxlib/nrf_modem/lib/nRF9160/soft-float/libmodem.a(nrf_modem.c.obj)
 .text.nrf_modem_platform_init
                0x000000000000c284       0x3c C:/ncs/v2.5.1/nrfxlib/nrf_modem/lib/nRF9160/soft-float/libmodem.a(nrf_modem.c.obj)
 .text.atomic_set.constprop.0.isra.0
                0x000000000000c2c0       0x14 C:/ncs/v2.5.1/nrfxlib/nrf_modem/lib/nRF9160/soft-float/libmodem.a(nrf_modem.c.obj)
 .text.nrf_modem_init
                0x000000000000c2d4       0xcc C:/ncs/v2.5.1/nrfxlib/nrf_modem/lib/nRF9160/soft-float/libmodem.a(nrf_modem.c.obj)
                0x000000000000c2d4                nrf_modem_init
 .text.nrf_modem_shutdown
                0x000000000000c3a0       0xc8 C:/ncs/v2.5.1/nrfxlib/nrf_modem/lib/nRF9160/soft-float/libmodem.a(nrf_modem.c.obj)
                0x000000000000c3a0                nrf_modem_shutdown
 .text.nrf_modem_fault_handler_set
                0x000000000000c468        0xc C:/ncs/v2.5.1/nrfxlib/nrf_modem/lib/nRF9160/soft-float/libmodem.a(nrf_modem_fault.c.obj)
                0x000000000000c468                nrf_modem_fault_handler_set
 .text.nrf_modem_fault_handler_internal
                0x000000000000c474       0x18 C:/ncs/v2.5.1/nrfxlib/nrf_modem/lib/nRF9160/soft-float/libmodem.a(nrf_modem_fault.c.obj)
                0x000000000000c474                nrf_modem_fault_handler_internal
 .text.nrf_modem_state_set
                0x000000000000c48c        0xc C:/ncs/v2.5.1/nrfxlib/nrf_modem/lib/nRF9160/soft-float/libmodem.a(nrf_modem_state.c.obj)
                0x000000000000c48c                nrf_modem_state_set
 .text.nrf_modem_state_is_initialized
                0x000000000000c498       0x10 C:/ncs/v2.5.1/nrfxlib/nrf_modem/lib/nRF9160/soft-float/libmodem.a(nrf_modem_state.c.obj)
                0x000000000000c498                nrf_modem_state_is_initialized
 .text.nrf_modem_state_is_fault
                0x000000000000c4a8       0x10 C:/ncs/v2.5.1/nrfxlib/nrf_modem/lib/nRF9160/soft-float/libmodem.a(nrf_modem_state.c.obj)
                0x000000000000c4a8                nrf_modem_state_is_fault
 .text.ipc_trace_init
                0x000000000000c4b8       0x38 C:/ncs/v2.5.1/nrfxlib/nrf_modem/lib/nRF9160/soft-float/libmodem.a(ipc_trace.c.obj)
                0x000000000000c4b8                ipc_trace_init
 .text.ipc_trace_handler
                0x000000000000c4f0       0xc8 C:/ncs/v2.5.1/nrfxlib/nrf_modem/lib/nRF9160/soft-float/libmodem.a(ipc_trace.c.obj)
                0x000000000000c4f0                ipc_trace_handler
 .text.z_fatal_error
                0x000000000000c5b8       0x38 zephyr/kernel/libkernel.a(fatal.c.obj)
                0x000000000000c5b8                z_fatal_error
 .text.z_sys_init_run_level
                0x000000000000c5f0       0x48 zephyr/kernel/libkernel.a(init.c.obj)
 .text.bg_thread_main
                0x000000000000c638       0x34 zephyr/kernel/libkernel.a(init.c.obj)
 .text.z_bss_zero
                0x000000000000c66c       0x18 zephyr/kernel/libkernel.a(init.c.obj)
                0x000000000000c66c                z_bss_zero
 .text.z_init_cpu
                0x000000000000c684       0x7c zephyr/kernel/libkernel.a(init.c.obj)
                0x000000000000c684                z_init_cpu
 .text.z_cstart
                0x000000000000c700       0xe0 zephyr/kernel/libkernel.a(init.c.obj)
                0x000000000000c700                z_cstart
 .text.statics_init
                0x000000000000c7e0       0x24 zephyr/kernel/libkernel.a(kheap.c.obj)
 .text.z_setup_new_thread
                0x000000000000c804       0x7c zephyr/kernel/libkernel.a(thread.c.obj)
                0x000000000000c804                z_setup_new_thread
 .text.z_impl_k_thread_create
                0x000000000000c880       0x58 zephyr/kernel/libkernel.a(thread.c.obj)
                0x000000000000c880                z_impl_k_thread_create
 .text.z_init_static_threads
                0x000000000000c8d8       0xb8 zephyr/kernel/libkernel.a(thread.c.obj)
                0x000000000000c8d8                z_init_static_threads
 .text.z_impl_k_mutex_lock
                0x000000000000c990       0xf4 zephyr/kernel/libkernel.a(mutex.c.obj)
                0x000000000000c990                z_impl_k_mutex_lock
 .text.z_impl_k_mutex_unlock
                0x000000000000ca84       0x78 zephyr/kernel/libkernel.a(mutex.c.obj)
                0x000000000000ca84                z_impl_k_mutex_unlock
 .text.z_impl_k_queue_get
                0x000000000000cafc       0x68 zephyr/kernel/libkernel.a(queue.c.obj)
                0x000000000000cafc                z_impl_k_queue_get
 .text.z_impl_k_sem_give
                0x000000000000cb64       0x48 zephyr/kernel/libkernel.a(sem.c.obj)
                0x000000000000cb64                z_impl_k_sem_give
 .text.z_impl_k_sem_take
                0x000000000000cbac       0x50 zephyr/kernel/libkernel.a(sem.c.obj)
                0x000000000000cbac                z_impl_k_sem_take
 .text.work_queue_main
                0x000000000000cbfc      0x138 zephyr/kernel/libkernel.a(work.c.obj)
 .text.submit_to_queue_locked
                0x000000000000cd34       0xb4 zephyr/kernel/libkernel.a(work.c.obj)
 .text.k_work_submit
                0x000000000000cde8        0xc zephyr/kernel/libkernel.a(work.c.obj)
                0x000000000000cde8                k_work_submit
 .text.k_work_queue_start
                0x000000000000cdf4       0x70 zephyr/kernel/libkernel.a(work.c.obj)
                0x000000000000cdf4                k_work_queue_start
 .text.sliceable
                0x000000000000ce64       0x3c zephyr/kernel/libkernel.a(sched.c.obj)
 .text.slice_timeout
                0x000000000000cea0       0x20 zephyr/kernel/libkernel.a(sched.c.obj)
 .text.z_reset_time_slice
                0x000000000000cec0       0x50 zephyr/kernel/libkernel.a(sched.c.obj)
                0x000000000000cec0                z_reset_time_slice
 .text.update_cache
                0x000000000000cf10       0x3c zephyr/kernel/libkernel.a(sched.c.obj)
 .text.move_thread_to_end_of_prio_q
                0x000000000000cf4c       0x74 zephyr/kernel/libkernel.a(sched.c.obj)
 .text.ready_thread
                0x000000000000cfc0       0x68 zephyr/kernel/libkernel.a(sched.c.obj)
 .text.unready_thread
                0x000000000000d028       0x30 zephyr/kernel/libkernel.a(sched.c.obj)
 .text.pend_locked
                0x000000000000d058       0x30 zephyr/kernel/libkernel.a(sched.c.obj)
 .text.z_time_slice
                0x000000000000d088       0x60 zephyr/kernel/libkernel.a(sched.c.obj)
                0x000000000000d088                z_time_slice
 .text.z_pend_curr
                0x000000000000d0e8       0x3c zephyr/kernel/libkernel.a(sched.c.obj)
                0x000000000000d0e8                z_pend_curr
 .text.z_set_prio
                0x000000000000d124       0x8c zephyr/kernel/libkernel.a(sched.c.obj)
                0x000000000000d124                z_set_prio
 .text.z_reschedule
                0x000000000000d1b0       0x24 zephyr/kernel/libkernel.a(sched.c.obj)
                0x000000000000d1b0                z_reschedule
 .text.z_sched_start
                0x000000000000d1d4       0x3c zephyr/kernel/libkernel.a(sched.c.obj)
                0x000000000000d1d4                z_sched_start
 .text.z_impl_k_thread_suspend
                0x000000000000d210       0x64 zephyr/kernel/libkernel.a(sched.c.obj)
                0x000000000000d210                z_impl_k_thread_suspend
 .text.k_sched_lock
                0x000000000000d274       0x28 zephyr/kernel/libkernel.a(sched.c.obj)
                0x000000000000d274                k_sched_lock
 .text.k_sched_unlock
                0x000000000000d29c       0x38 zephyr/kernel/libkernel.a(sched.c.obj)
                0x000000000000d29c                k_sched_unlock
 .text.z_sched_init
                0x000000000000d2d4       0x10 zephyr/kernel/libkernel.a(sched.c.obj)
                0x000000000000d2d4                z_sched_init
 .text.z_impl_k_yield
                0x000000000000d2e4       0x7c zephyr/kernel/libkernel.a(sched.c.obj)
                0x000000000000d2e4                z_impl_k_yield
 .text.z_tick_sleep
                0x000000000000d360       0x88 zephyr/kernel/libkernel.a(sched.c.obj)
 .text.z_impl_k_sleep
                0x000000000000d3e8       0x34 zephyr/kernel/libkernel.a(sched.c.obj)
                0x000000000000d3e8                z_impl_k_sleep
 .text.z_impl_z_current_get
                0x000000000000d41c        0xc zephyr/kernel/libkernel.a(sched.c.obj)
                0x000000000000d41c                z_impl_z_current_get
 .text.z_thread_abort
                0x000000000000d428       0xc0 zephyr/kernel/libkernel.a(sched.c.obj)
                0x000000000000d428                z_thread_abort
 .text.z_sched_wait
                0x000000000000d4e8       0x24 zephyr/kernel/libkernel.a(sched.c.obj)
                0x000000000000d4e8                z_sched_wait
 .text.z_data_copy
                0x000000000000d50c       0x34 zephyr/kernel/libkernel.a(xip.c.obj)
                0x000000000000d50c                z_data_copy
 .text.elapsed  0x000000000000d540       0x14 zephyr/kernel/libkernel.a(timeout.c.obj)
 .text.next_timeout
                0x000000000000d554       0x40 zephyr/kernel/libkernel.a(timeout.c.obj)
 .text.remove_timeout
                0x000000000000d594       0x38 zephyr/kernel/libkernel.a(timeout.c.obj)
 .text.z_add_timeout
                0x000000000000d5cc       0xec zephyr/kernel/libkernel.a(timeout.c.obj)
                0x000000000000d5cc                z_add_timeout
 .text.sys_clock_announce
                0x000000000000d6b8       0xd4 zephyr/kernel/libkernel.a(timeout.c.obj)
                0x000000000000d6b8                sys_clock_announce
 .text.sys_clock_tick_get
                0x000000000000d78c       0x34 zephyr/kernel/libkernel.a(timeout.c.obj)
                0x000000000000d78c                sys_clock_tick_get
 .text.k_thread_system_pool_assign
                0x000000000000d7c0        0xc zephyr/kernel/libkernel.a(mempool.c.obj)
                0x000000000000d7c0                k_thread_system_pool_assign
 .text.z_thread_aligned_alloc
                0x000000000000d7cc       0x30 zephyr/kernel/libkernel.a(mempool.c.obj)
                0x000000000000d7cc                z_thread_aligned_alloc
 .text.boot_banner
                0x000000000000d7fc        0xc zephyr/kernel/libkernel.a(banner.c.obj)
                0x000000000000d7fc                boot_banner
 .text.k_sys_work_q_init
                0x000000000000d808       0x34 zephyr/kernel/libkernel.a(system_work_q.c.obj)
 .text.strtol   0x000000000000d83c       0xe0 c:\ncs\toolchains\c57af46cb7\opt\zephyr-sdk\arm-zephyr-eabi\bin\../lib/gcc/../../picolibc/arm-zephyr-eabi/lib/thumb/v8-m.main/nofp\libc.a(libc_tinystdio_strtol.c.o)
                0x000000000000d83c                strtol
 .text.__i_vfprintf
                0x000000000000d91c      0x48c c:\ncs\toolchains\c57af46cb7\opt\zephyr-sdk\arm-zephyr-eabi\bin\../lib/gcc/../../picolibc/arm-zephyr-eabi/lib/thumb/v8-m.main/nofp\libc.a(libc_tinystdio_vfiprintf.c.o)
                0x000000000000d91c                __i_vfprintf
 .text.__i_vfscanf
                0x000000000000dda8      0x3ec c:\ncs\toolchains\c57af46cb7\opt\zephyr-sdk\arm-zephyr-eabi\bin\../lib/gcc/../../picolibc/arm-zephyr-eabi/lib/thumb/v8-m.main/nofp\libc.a(libc_tinystdio_vfiscanf.c.o)
                0x000000000000dda8                __i_vfscanf
 .text.vsscanf  0x000000000000e194       0x34 c:\ncs\toolchains\c57af46cb7\opt\zephyr-sdk\arm-zephyr-eabi\bin\../lib/gcc/../../picolibc/arm-zephyr-eabi/lib/thumb/v8-m.main/nofp\libc.a(libc_tinystdio_vsscanf.c.o)
                0x000000000000e194                vsscanf
 .text.vsnprintf
                0x000000000000e1c8       0x50 c:\ncs\toolchains\c57af46cb7\opt\zephyr-sdk\arm-zephyr-eabi\bin\../lib/gcc/../../picolibc/arm-zephyr-eabi/lib/thumb/v8-m.main/nofp\libc.a(libc_tinystdio_vsnprintf.c.o)
                0x000000000000e1c8                vsnprintf
 .text.arch_printk_char_out
                0x000000000000e218        0x4 zephyr/libzephyr.a(printk.c.obj)
                0x000000000000e218                arch_printk_char_out
 .text.printk   0x000000000000e21c       0x1a zephyr/libzephyr.a(printk.c.obj)
                0x000000000000e21c                printk
 .text.chunk_field
                0x000000000000e236       0x16 zephyr/libzephyr.a(heap.c.obj)
 .text.chunk_set
                0x000000000000e24c       0x16 zephyr/libzephyr.a(heap.c.obj)
 .text.chunk_size
                0x000000000000e262        0xc zephyr/libzephyr.a(heap.c.obj)
 .text.set_chunk_used
                0x000000000000e26e       0x30 zephyr/libzephyr.a(heap.c.obj)
 .text.set_chunk_size
                0x000000000000e29e        0x8 zephyr/libzephyr.a(heap.c.obj)
 .text.mem_to_chunkid
                0x000000000000e2a6       0x14 zephyr/libzephyr.a(heap.c.obj)
 .text.bucket_idx.isra.0
                0x000000000000e2ba       0x1c zephyr/libzephyr.a(heap.c.obj)
 .text.free_list_remove_bidx
                0x000000000000e2d6       0x5c zephyr/libzephyr.a(heap.c.obj)
 .text.free_list_remove
                0x000000000000e332       0x2e zephyr/libzephyr.a(heap.c.obj)
 .text.alloc_chunk
                0x000000000000e360       0x74 zephyr/libzephyr.a(heap.c.obj)
 .text.split_chunks
                0x000000000000e3d4       0x4e zephyr/libzephyr.a(heap.c.obj)
 .text.merge_chunks
                0x000000000000e422       0x3c zephyr/libzephyr.a(heap.c.obj)
 .text.free_list_add
                0x000000000000e45e       0x84 zephyr/libzephyr.a(heap.c.obj)
 .text.free_chunk
                0x000000000000e4e2       0x84 zephyr/libzephyr.a(heap.c.obj)
 .text.sys_heap_free
                0x000000000000e566       0x24 zephyr/libzephyr.a(heap.c.obj)
                0x000000000000e566                sys_heap_free
 .text.sys_heap_alloc
                0x000000000000e58a       0x6e zephyr/libzephyr.a(heap.c.obj)
                0x000000000000e58a                sys_heap_alloc
 .text.sys_heap_aligned_alloc
                0x000000000000e5f8       0xe8 zephyr/libzephyr.a(heap.c.obj)
                0x000000000000e5f8                sys_heap_aligned_alloc
 .text.sys_heap_init
                0x000000000000e6e0       0xb0 zephyr/libzephyr.a(heap.c.obj)
                0x000000000000e6e0                sys_heap_init
 .text.process_recheck
                0x000000000000e790       0x38 zephyr/libzephyr.a(onoff.c.obj)
 .text.validate_args
                0x000000000000e7c8       0x20 zephyr/libzephyr.a(onoff.c.obj)
 .text.notify_one
                0x000000000000e7e8       0x2c zephyr/libzephyr.a(onoff.c.obj)
 .text.transition_complete
                0x000000000000e814       0x1c zephyr/libzephyr.a(onoff.c.obj)
 .text.onoff_manager_init
                0x000000000000e830       0x26 zephyr/libzephyr.a(onoff.c.obj)
                0x000000000000e830                onoff_manager_init
 .text.onoff_request
                0x000000000000e856       0xb0 zephyr/libzephyr.a(onoff.c.obj)
                0x000000000000e856                onoff_request
 .text.sys_notify_validate
                0x000000000000e906       0x22 zephyr/libzephyr.a(notify.c.obj)
                0x000000000000e906                sys_notify_validate
 .text.sys_notify_finalize
                0x000000000000e928       0x1a zephyr/libzephyr.a(notify.c.obj)
                0x000000000000e928                sys_notify_finalize
 .text._ConfigAbsSyms
                0x000000000000e942        0x2 zephyr/libzephyr.a(configs.c.obj)
                0x000000000000e942                _ConfigAbsSyms
 .text.z_arm_fatal_error
                0x000000000000e944        0x4 zephyr/arch/arch/arm/core/aarch32/libarch__arm__core__aarch32.a(fatal.c.obj)
                0x000000000000e944                z_arm_fatal_error
 .text.z_do_kernel_oops
                0x000000000000e948        0x8 zephyr/arch/arch/arm/core/aarch32/libarch__arm__core__aarch32.a(fatal.c.obj)
                0x000000000000e948                z_do_kernel_oops
 .text.z_irq_spurious
                0x000000000000e950        0x8 zephyr/arch/arch/arm/core/aarch32/libarch__arm__core__aarch32.a(irq_manage.c.obj)
                0x000000000000e950                z_irq_spurious
 .text.z_arm_nmi
                0x000000000000e958        0xe zephyr/arch/arch/arm/core/aarch32/libarch__arm__core__aarch32.a(nmi.c.obj)
                0x000000000000e958                z_arm_nmi
 .text.configure_builtin_stack_guard
                0x000000000000e966        0x8 zephyr/arch/arch/arm/core/aarch32/libarch__arm__core__aarch32.a(thread.c.obj)
                0x000000000000e966                configure_builtin_stack_guard
 .text.z_arm_save_fp_context
                0x000000000000e96e        0x2 zephyr/arch/arch/arm/core/aarch32/cortex_m/libarch__arm__core__aarch32__cortex_m.a(fpu.c.obj)
                0x000000000000e96e                z_arm_save_fp_context
 .text.z_arm_restore_fp_context
                0x000000000000e970        0x2 zephyr/arch/arch/arm/core/aarch32/cortex_m/libarch__arm__core__aarch32__cortex_m.a(fpu.c.obj)
                0x000000000000e970                z_arm_restore_fp_context
 .text.arm_cmse_mpu_region_get
                0x000000000000e972       0x12 zephyr/arch/arch/arm/core/aarch32/cortex_m/cmse/libarch__arm__core__aarch32__cortex_m__cmse.a(arm_core_cmse.c.obj)
                0x000000000000e972                arm_cmse_mpu_region_get
 .text.mpu_configure_region
                0x000000000000e984       0x3a zephyr/arch/arch/arm/core/aarch32/mpu/libarch__arm__core__aarch32__mpu.a(arm_mpu.c.obj)
 .text.picolibc_put
                0x000000000000e9be        0xa zephyr/lib/libc/picolibc/liblib__libc__picolibc.a(libc-hooks.c.obj)
 .text.get_status
                0x000000000000e9c8       0x12 zephyr/drivers/clock_control/libdrivers__clock_control.a(clock_control_nrf.c.obj)
 .text.set_on_state
                0x000000000000e9da       0x26 zephyr/drivers/clock_control/libdrivers__clock_control.a(clock_control_nrf.c.obj)
 .text.stop     0x000000000000ea00       0x54 zephyr/drivers/clock_control/libdrivers__clock_control.a(clock_control_nrf.c.obj)
 .text.api_stop
                0x000000000000ea54        0x6 zephyr/drivers/clock_control/libdrivers__clock_control.a(clock_control_nrf.c.obj)
 .text.async_start
                0x000000000000ea5a       0x5e zephyr/drivers/clock_control/libdrivers__clock_control.a(clock_control_nrf.c.obj)
 .text.api_start
                0x000000000000eab8        0xe zephyr/drivers/clock_control/libdrivers__clock_control.a(clock_control_nrf.c.obj)
 .text.onoff_started_callback
                0x000000000000eac6       0x12 zephyr/drivers/clock_control/libdrivers__clock_control.a(clock_control_nrf.c.obj)
 .text.lfclk_start
                0x000000000000ead8        0x6 zephyr/drivers/clock_control/libdrivers__clock_control.a(clock_control_nrf.c.obj)
 .text.lfclk_stop
                0x000000000000eade        0x6 zephyr/drivers/clock_control/libdrivers__clock_control.a(clock_control_nrf.c.obj)
 .text.blocking_start_callback
                0x000000000000eae4        0x6 zephyr/drivers/clock_control/libdrivers__clock_control.a(clock_control_nrf.c.obj)
 .text.entropy_psa_crypto_rng_get_entropy
                0x000000000000eaea       0x14 zephyr/drivers/entropy/libdrivers__entropy.a(entropy_psa_crypto.c.obj)
 .text.entropy_psa_crypto_rng_init
                0x000000000000eafe       0x10 zephyr/drivers/entropy/libdrivers__entropy.a(entropy_psa_crypto.c.obj)
 .text.gpio_nrfx_port_get_raw
                0x000000000000eb0e        0xc zephyr/drivers/gpio/libdrivers__gpio.a(gpio_nrfx.c.obj)
 .text.gpio_nrfx_port_set_masked_raw
                0x000000000000eb1a       0x14 zephyr/drivers/gpio/libdrivers__gpio.a(gpio_nrfx.c.obj)
 .text.gpio_nrfx_port_set_bits_raw
                0x000000000000eb2e        0xa zephyr/drivers/gpio/libdrivers__gpio.a(gpio_nrfx.c.obj)
 .text.gpio_nrfx_port_clear_bits_raw
                0x000000000000eb38        0xa zephyr/drivers/gpio/libdrivers__gpio.a(gpio_nrfx.c.obj)
 .text.gpio_nrfx_port_toggle_bits
                0x000000000000eb42       0x14 zephyr/drivers/gpio/libdrivers__gpio.a(gpio_nrfx.c.obj)
 .text.gpio_nrfx_manage_callback
                0x000000000000eb56       0x52 zephyr/drivers/gpio/libdrivers__gpio.a(gpio_nrfx.c.obj)
 .text.pinctrl_lookup_state
                0x000000000000eba8       0x26 zephyr/drivers/pinctrl/libdrivers__pinctrl.a(common.c.obj)
                0x000000000000eba8                pinctrl_lookup_state
 .text.uarte_nrfx_config_get
                0x000000000000ebce       0x10 zephyr/drivers/serial/libdrivers__serial.a(uart_nrfx_uarte.c.obj)
 .text.uarte_nrfx_err_check
                0x000000000000ebde        0xe zephyr/drivers/serial/libdrivers__serial.a(uart_nrfx_uarte.c.obj)
 .text.uarte_nrfx_poll_in
                0x000000000000ebec       0x28 zephyr/drivers/serial/libdrivers__serial.a(uart_nrfx_uarte.c.obj)
 .text.is_tx_ready.isra.0
                0x000000000000ec14       0x20 zephyr/drivers/serial/libdrivers__serial.a(uart_nrfx_uarte.c.obj)
 .text.uarte_nrfx_isr_int
                0x000000000000ec34       0x72 zephyr/drivers/serial/libdrivers__serial.a(uart_nrfx_uarte.c.obj)
 .text.event_clear
                0x000000000000eca6       0x18 zephyr/drivers/timer/libdrivers__timer.a(nrf_rtc_timer.c.obj)
 .text.nrf_modem_os_busywait
                0x000000000000ecbe        0x4 modules/nrf/lib/nrf_modem_lib/lib..__nrf__lib__nrf_modem_lib.a(nrf_modem_os.c.obj)
                0x000000000000ecbe                nrf_modem_os_busywait
 .text.nrf_modem_os_sleep
                0x000000000000ecc2       0x30 modules/nrf/lib/nrf_modem_lib/lib..__nrf__lib__nrf_modem_lib.a(nrf_modem_os.c.obj)
                0x000000000000ecc2                nrf_modem_os_sleep
 .text.nrf_modem_os_is_in_isr
                0x000000000000ecf2        0x4 modules/nrf/lib/nrf_modem_lib/lib..__nrf__lib__nrf_modem_lib.a(nrf_modem_os.c.obj)
                0x000000000000ecf2                nrf_modem_os_is_in_isr
 .text.nrf_modem_os_sem_give
                0x000000000000ecf6        0x4 modules/nrf/lib/nrf_modem_lib/lib..__nrf__lib__nrf_modem_lib.a(nrf_modem_os.c.obj)
                0x000000000000ecf6                nrf_modem_os_sem_give
 .text.nrf_modem_os_sem_take
                0x000000000000ecfa       0x40 modules/nrf/lib/nrf_modem_lib/lib..__nrf__lib__nrf_modem_lib.a(nrf_modem_os.c.obj)
                0x000000000000ecfa                nrf_modem_os_sem_take
 .text.nrf_modem_fault_handler
                0x000000000000ed3a        0x2 modules/nrf/lib/nrf_modem_lib/lib..__nrf__lib__nrf_modem_lib.a(fault.c.obj)
                0x000000000000ed3a                nrf_modem_fault_handler
 .text.k_sys_fatal_error_handler
                0x000000000000ed3c        0x8 modules/nrf/lib/fatal_error/lib..__nrf__lib__fatal_error.a(fatal_error.c.obj)
                0x000000000000ed3c                k_sys_fatal_error_handler
 .text.ns_interface_init
                0x000000000000ed44        0x4 modules/trusted-firmware-m/libtfm_api.a(interface.c.obj)
 .text.psa_crypto_init
                0x000000000000ed48        0x4 modules/trusted-firmware-m/libtfm_api.a(tfm_crypto_api.c.obj)
                0x000000000000ed48                psa_crypto_init
 .text.SystemInit
                0x000000000000ed4c        0x2 modules/hal_nordic/nrfx/libmodules__hal_nordic__nrfx.a(system_nrf91.c.obj)
                0x000000000000ed4c                SystemInit
 .text.nrfx_isr
                0x000000000000ed4e        0x2 modules/hal_nordic/nrfx/libmodules__hal_nordic__nrfx.a(nrfx_glue.c.obj)
                0x000000000000ed4e                nrfx_isr
 .text.nrfx_busy_wait
                0x000000000000ed50        0x4 modules/hal_nordic/nrfx/libmodules__hal_nordic__nrfx.a(nrfx_glue.c.obj)
                0x000000000000ed50                nrfx_busy_wait
 .text.nrfx_gppi_channel_endpoints_setup
                0x000000000000ed54        0xe modules/hal_nordic/nrfx/libmodules__hal_nordic__nrfx.a(nrfx_gppi_dppi.c.obj)
                0x000000000000ed54                nrfx_gppi_channel_endpoints_setup
 .text.nrfx_clock_stop
                0x000000000000ed62        0x4 modules/hal_nordic/nrfx/libmodules__hal_nordic__nrfx.a(nrfx_clock.c.obj)
                0x000000000000ed62                nrfx_clock_stop
 .text.nrf_gpio_reconfigure
                0x000000000000ed66       0x92 modules/hal_nordic/nrfx/libmodules__hal_nordic__nrfx.a(nrfx_gpiote.c.obj)
 .text.nrf_gpio_cfg_sense_set
                0x000000000000edf8       0x1e modules/hal_nordic/nrfx/libmodules__hal_nordic__nrfx.a(nrfx_gpiote.c.obj)
 .text._GetAvailWriteSpace
                0x000000000000ee16       0x12 modules/segger/libmodules__segger.a(SEGGER_RTT.c.obj)
 .text._WriteNoCheck
                0x000000000000ee28       0x3e modules/segger/libmodules__segger.a(SEGGER_RTT.c.obj)
 .text._WriteBlocking
                0x000000000000ee66       0x58 modules/segger/libmodules__segger.a(SEGGER_RTT.c.obj)
 .text.SEGGER_RTT_Init
                0x000000000000eebe        0x4 modules/segger/libmodules__segger.a(SEGGER_RTT.c.obj)
                0x000000000000eebe                SEGGER_RTT_Init
 .text.rtt_init
                0x000000000000eec2        0xa modules/segger/libmodules__segger.a(SEGGER_RTT_zephyr.c.obj)
 .text.ipc_bootloader_shutdown
                0x000000000000eecc        0x4 C:/ncs/v2.5.1/nrfxlib/nrf_modem/lib/nRF9160/soft-float/libmodem.a(ipc_bootloader.c.obj)
                0x000000000000eecc                ipc_bootloader_shutdown
 .text.rpc_handle_ctrl_message
                0x000000000000eed0       0x30 C:/ncs/v2.5.1/nrfxlib/nrf_modem/lib/nRF9160/soft-float/libmodem.a(rpc_framework.c.obj)
                0x000000000000eed0                rpc_handle_ctrl_message
 .text.rpc_init
                0x000000000000ef00        0x4 C:/ncs/v2.5.1/nrfxlib/nrf_modem/lib/nRF9160/soft-float/libmodem.a(rpc_framework.c.obj)
                0x000000000000ef00                rpc_init
 .text.rpc_shutdown
                0x000000000000ef04       0x14 C:/ncs/v2.5.1/nrfxlib/nrf_modem/lib/nRF9160/soft-float/libmodem.a(rpc_framework.c.obj)
                0x000000000000ef04                rpc_shutdown
 .text.rpc_list_preambles_init
                0x000000000000ef18       0x20 C:/ncs/v2.5.1/nrfxlib/nrf_modem/lib/nRF9160/soft-float/libmodem.a(rpc_transport_ipc.c.obj)
 .text.rpc_transport_ipc_data_rx_resume
                0x000000000000ef38        0x6 C:/ncs/v2.5.1/nrfxlib/nrf_modem/lib/nRF9160/soft-float/libmodem.a(rpc_transport_ipc.c.obj)
 .text.rpc_transport_ipc_data_rx_suspend
                0x000000000000ef3e        0x6 C:/ncs/v2.5.1/nrfxlib/nrf_modem/lib/nRF9160/soft-float/libmodem.a(rpc_transport_ipc.c.obj)
 .text.rpc_transport_ipc_shutdown
                0x000000000000ef44        0x4 C:/ncs/v2.5.1/nrfxlib/nrf_modem/lib/nRF9160/soft-float/libmodem.a(rpc_transport_ipc.c.obj)
 .text.rpc_transport_ipc_msg_alloc
                0x000000000000ef48       0x4a C:/ncs/v2.5.1/nrfxlib/nrf_modem/lib/nRF9160/soft-float/libmodem.a(rpc_transport_ipc.c.obj)
 .text.rpc_client_msg_from_rpc_msg_get
                0x000000000000ef92        0x4 C:/ncs/v2.5.1/nrfxlib/nrf_modem/lib/nRF9160/soft-float/libmodem.a(rpc_client.c.obj)
                0x000000000000ef92                rpc_client_msg_from_rpc_msg_get
 .text.rpc_client_msg_alloc
                0x000000000000ef96       0x38 C:/ncs/v2.5.1/nrfxlib/nrf_modem/lib/nRF9160/soft-float/libmodem.a(rpc_client.c.obj)
                0x000000000000ef96                rpc_client_msg_alloc
 .text.rpc_client_msg_send
                0x000000000000efce        0xe C:/ncs/v2.5.1/nrfxlib/nrf_modem/lib/nRF9160/soft-float/libmodem.a(rpc_client.c.obj)
                0x000000000000efce                rpc_client_msg_send
 .text.rpc_client_msg_rx_free
                0x000000000000efdc        0x6 C:/ncs/v2.5.1/nrfxlib/nrf_modem/lib/nRF9160/soft-float/libmodem.a(rpc_client.c.obj)
                0x000000000000efdc                rpc_client_msg_rx_free
 .text.rpc_client_msg_data_rx_free
                0x000000000000efe2        0x4 C:/ncs/v2.5.1/nrfxlib/nrf_modem/lib/nRF9160/soft-float/libmodem.a(rpc_client.c.obj)
                0x000000000000efe2                rpc_client_msg_data_rx_free
 .text.rpc_client_msg_data_tx_alloc
                0x000000000000efe6        0x4 C:/ncs/v2.5.1/nrfxlib/nrf_modem/lib/nRF9160/soft-float/libmodem.a(rpc_client.c.obj)
                0x000000000000efe6                rpc_client_msg_data_tx_alloc
 .text.rpc_client_msg_data_tx_free
                0x000000000000efea       0x10 C:/ncs/v2.5.1/nrfxlib/nrf_modem/lib/nRF9160/soft-float/libmodem.a(rpc_client.c.obj)
                0x000000000000efea                rpc_client_msg_data_tx_free
 .text.sockaddr_init
                0x000000000000effa       0x68 C:/ncs/v2.5.1/nrfxlib/nrf_modem/lib/nRF9160/soft-float/libmodem.a(addr.c.obj)
                0x000000000000effa                sockaddr_init
 .text.sock_pollcb
                0x000000000000f062       0x30 C:/ncs/v2.5.1/nrfxlib/nrf_modem/lib/nRF9160/soft-float/libmodem.a(sock.c.obj)
                0x000000000000f062                sock_pollcb
 .text.sock_pkt_append
                0x000000000000f092       0x14 C:/ncs/v2.5.1/nrfxlib/nrf_modem/lib/nRF9160/soft-float/libmodem.a(sock.c.obj)
                0x000000000000f092                sock_pkt_append
 .text.sock_is_stream
                0x000000000000f0a6        0xa C:/ncs/v2.5.1/nrfxlib/nrf_modem/lib/nRF9160/soft-float/libmodem.a(sock.c.obj)
                0x000000000000f0a6                sock_is_stream
 .text.sock_is_datagram
                0x000000000000f0b0        0xa C:/ncs/v2.5.1/nrfxlib/nrf_modem/lib/nRF9160/soft-float/libmodem.a(sock.c.obj)
                0x000000000000f0b0                sock_is_datagram
 .text.sock_proto_is_secure
                0x000000000000f0ba       0x18 C:/ncs/v2.5.1/nrfxlib/nrf_modem/lib/nRF9160/soft-float/libmodem.a(sock.c.obj)
                0x000000000000f0ba                sock_proto_is_secure
 .text.sock_is_attaching
                0x000000000000f0d2        0x8 C:/ncs/v2.5.1/nrfxlib/nrf_modem/lib/nRF9160/soft-float/libmodem.a(sock.c.obj)
                0x000000000000f0d2                sock_is_attaching
 .text.sock_is_nonblock
                0x000000000000f0da        0x8 C:/ncs/v2.5.1/nrfxlib/nrf_modem/lib/nRF9160/soft-float/libmodem.a(sock.c.obj)
                0x000000000000f0da                sock_is_nonblock
 .text.sock_is_local_closed
                0x000000000000f0e2        0x8 C:/ncs/v2.5.1/nrfxlib/nrf_modem/lib/nRF9160/soft-float/libmodem.a(sock.c.obj)
                0x000000000000f0e2                sock_is_local_closed
 .text.sock_is_eof
                0x000000000000f0ea       0x16 C:/ncs/v2.5.1/nrfxlib/nrf_modem/lib/nRF9160/soft-float/libmodem.a(sock.c.obj)
                0x000000000000f0ea                sock_is_eof
 .text.sock_has_stream_error
                0x000000000000f100        0x8 C:/ncs/v2.5.1/nrfxlib/nrf_modem/lib/nRF9160/soft-float/libmodem.a(sock.c.obj)
                0x000000000000f100                sock_has_stream_error
 .text.sock_has_error
                0x000000000000f108        0xe C:/ncs/v2.5.1/nrfxlib/nrf_modem/lib/nRF9160/soft-float/libmodem.a(sock.c.obj)
                0x000000000000f108                sock_has_error
 .text.sock_has_pollcb
                0x000000000000f116        0xa C:/ncs/v2.5.1/nrfxlib/nrf_modem/lib/nRF9160/soft-float/libmodem.a(sock.c.obj)
                0x000000000000f116                sock_has_pollcb
 .text.sock_can_read
                0x000000000000f120        0xa C:/ncs/v2.5.1/nrfxlib/nrf_modem/lib/nRF9160/soft-float/libmodem.a(sock.c.obj)
                0x000000000000f120                sock_can_read
 .text.sock_can_accept
                0x000000000000f12a        0xa C:/ncs/v2.5.1/nrfxlib/nrf_modem/lib/nRF9160/soft-float/libmodem.a(sock.c.obj)
                0x000000000000f12a                sock_can_accept
 .text.sock_can_send
                0x000000000000f134       0x3c C:/ncs/v2.5.1/nrfxlib/nrf_modem/lib/nRF9160/soft-float/libmodem.a(sock.c.obj)
                0x000000000000f134                sock_can_send
 .text.pkt_free
                0x000000000000f170       0x1c C:/ncs/v2.5.1/nrfxlib/nrf_modem/lib/nRF9160/soft-float/libmodem.a(packet.c.obj)
                0x000000000000f170                pkt_free
 .text.pkt_flush
                0x000000000000f18c       0x1c C:/ncs/v2.5.1/nrfxlib/nrf_modem/lib/nRF9160/soft-float/libmodem.a(packet.c.obj)
                0x000000000000f18c                pkt_flush
 .text.on_conf_dnssrv_res
                0x000000000000f1a8        0x4 C:/ncs/v2.5.1/nrfxlib/nrf_modem/lib/nRF9160/soft-float/libmodem.a(dns.c.obj)
                0x000000000000f1a8                on_conf_dnssrv_res
 .text.on_getifaddrs_res
                0x000000000000f1ac        0x4 C:/ncs/v2.5.1/nrfxlib/nrf_modem/lib/nRF9160/soft-float/libmodem.a(ifaddrs.c.obj)
                0x000000000000f1ac                on_getifaddrs_res
 .text.rpc_ip_event_handler
                0x000000000000f1b0      0x248 C:/ncs/v2.5.1/nrfxlib/nrf_modem/lib/nRF9160/soft-float/libmodem.a(ip.c.obj)
                0x000000000000f1b0                rpc_ip_event_handler
 .text.rpc_ip_deinit
                0x000000000000f3f8        0xa C:/ncs/v2.5.1/nrfxlib/nrf_modem/lib/nRF9160/soft-float/libmodem.a(ip.c.obj)
                0x000000000000f3f8                rpc_ip_deinit
 .text.nrf_poll_one
                0x000000000000f402       0x92 C:/ncs/v2.5.1/nrfxlib/nrf_modem/lib/nRF9160/soft-float/libmodem.a(poll.c.obj)
                0x000000000000f402                nrf_poll_one
 .text.res_cookie_get
                0x000000000000f494        0x4 C:/ncs/v2.5.1/nrfxlib/nrf_modem/lib/nRF9160/soft-float/libmodem.a(reqres.c.obj)
                0x000000000000f494                res_cookie_get
 .text.res_forward
                0x000000000000f498        0x8 C:/ncs/v2.5.1/nrfxlib/nrf_modem/lib/nRF9160/soft-float/libmodem.a(reqres.c.obj)
                0x000000000000f498                res_forward
 .text.rpc_dfu_event_handler
                0x000000000000f4a0       0x16 C:/ncs/v2.5.1/nrfxlib/nrf_modem/lib/nRF9160/soft-float/libmodem.a(nrf_modem_delta_dfu.c.obj)
                0x000000000000f4a0                rpc_dfu_event_handler
 .text.rpc_at_deinit
                0x000000000000f4b6        0x4 C:/ncs/v2.5.1/nrfxlib/nrf_modem/lib/nRF9160/soft-float/libmodem.a(nrf_modem.c.obj)
 .text.rpc_softsim_deinit
                0x000000000000f4ba        0x4 C:/ncs/v2.5.1/nrfxlib/nrf_modem/lib/nRF9160/soft-float/libmodem.a(nrf_modem.c.obj)
 .text.rpc_delta_dfu_init
                0x000000000000f4be        0x4 C:/ncs/v2.5.1/nrfxlib/nrf_modem/lib/nRF9160/soft-float/libmodem.a(nrf_modem.c.obj)
 .text.rpc_delta_dfu_deinit
                0x000000000000f4c2        0x4 C:/ncs/v2.5.1/nrfxlib/nrf_modem/lib/nRF9160/soft-float/libmodem.a(nrf_modem.c.obj)
 .text.rpc_softsim_init
                0x000000000000f4c6        0x4 C:/ncs/v2.5.1/nrfxlib/nrf_modem/lib/nRF9160/soft-float/libmodem.a(nrf_modem.c.obj)
 .text.nrf_modem_is_initialized
                0x000000000000f4ca        0x4 C:/ncs/v2.5.1/nrfxlib/nrf_modem/lib/nRF9160/soft-float/libmodem.a(nrf_modem.c.obj)
                0x000000000000f4ca                nrf_modem_is_initialized
 .text.z_impl_k_busy_wait
                0x000000000000f4ce        0x8 zephyr/kernel/libkernel.a(busy_wait.c.obj)
                0x000000000000f4ce                z_impl_k_busy_wait
 .text.z_device_state_init
                0x000000000000f4d6        0x2 zephyr/kernel/libkernel.a(device.c.obj)
                0x000000000000f4d6                z_device_state_init
 .text.z_device_is_ready
                0x000000000000f4d8       0x16 zephyr/kernel/libkernel.a(device.c.obj)
                0x000000000000f4d8                z_device_is_ready
 .text.z_early_memset
                0x000000000000f4ee        0x4 zephyr/kernel/libkernel.a(init.c.obj)
                0x000000000000f4ee                z_early_memset
 .text.z_early_memcpy
                0x000000000000f4f2        0x4 zephyr/kernel/libkernel.a(init.c.obj)
                0x000000000000f4f2                z_early_memcpy
 .text.k_heap_init
                0x000000000000f4f6       0x10 zephyr/kernel/libkernel.a(kheap.c.obj)
                0x000000000000f4f6                k_heap_init
 .text.k_heap_aligned_alloc
                0x000000000000f506       0x86 zephyr/kernel/libkernel.a(kheap.c.obj)
                0x000000000000f506                k_heap_aligned_alloc
 .text.k_heap_alloc
                0x000000000000f58c       0x14 zephyr/kernel/libkernel.a(kheap.c.obj)
                0x000000000000f58c                k_heap_alloc
 .text.k_heap_free
                0x000000000000f5a0       0x3a zephyr/kernel/libkernel.a(kheap.c.obj)
                0x000000000000f5a0                k_heap_free
 .text.k_is_in_isr
                0x000000000000f5da        0xc zephyr/kernel/libkernel.a(thread.c.obj)
                0x000000000000f5da                k_is_in_isr
 .text.z_impl_k_thread_name_set
                0x000000000000f5e6        0x6 zephyr/kernel/libkernel.a(thread.c.obj)
                0x000000000000f5e6                z_impl_k_thread_name_set
 .text.z_impl_k_thread_start
                0x000000000000f5ec        0x4 zephyr/kernel/libkernel.a(thread.c.obj)
                0x000000000000f5ec                z_impl_k_thread_start
 .text.idle     0x000000000000f5f0       0x18 zephyr/kernel/libkernel.a(idle.c.obj)
                0x000000000000f5f0                idle
 .text.adjust_owner_prio.isra.0
                0x000000000000f608       0x10 zephyr/kernel/libkernel.a(mutex.c.obj)
 .text.queue_insert
                0x000000000000f618       0xc4 zephyr/kernel/libkernel.a(queue.c.obj)
 .text.z_queue_node_peek
                0x000000000000f6dc       0x18 zephyr/kernel/libkernel.a(queue.c.obj)
                0x000000000000f6dc                z_queue_node_peek
 .text.k_queue_append
                0x000000000000f6f4       0x16 zephyr/kernel/libkernel.a(queue.c.obj)
                0x000000000000f6f4                k_queue_append
 .text.z_impl_k_sem_init
                0x000000000000f70a       0x18 zephyr/kernel/libkernel.a(sem.c.obj)
                0x000000000000f70a                z_impl_k_sem_init
 .text.flag_test_and_clear
                0x000000000000f722       0x16 zephyr/kernel/libkernel.a(work.c.obj)
 .text.notify_queue_locked.isra.0
                0x000000000000f738        0xe zephyr/kernel/libkernel.a(work.c.obj)
 .text.z_work_submit_to_queue
                0x000000000000f746       0x28 zephyr/kernel/libkernel.a(work.c.obj)
                0x000000000000f746                z_work_submit_to_queue
 .text.k_work_submit_to_queue
                0x000000000000f76e       0x22 zephyr/kernel/libkernel.a(work.c.obj)
                0x000000000000f76e                k_work_submit_to_queue
 .text.sys_dlist_remove
                0x000000000000f790       0x10 zephyr/kernel/libkernel.a(sched.c.obj)
 .text.unpend_thread_no_timeout
                0x000000000000f7a0       0x14 zephyr/kernel/libkernel.a(sched.c.obj)
 .text.add_to_waitq_locked
                0x000000000000f7b4       0x50 zephyr/kernel/libkernel.a(sched.c.obj)
 .text.z_ready_thread
                0x000000000000f804       0x20 zephyr/kernel/libkernel.a(sched.c.obj)
                0x000000000000f804                z_ready_thread
 .text.z_sched_wake_thread
                0x000000000000f824       0x44 zephyr/kernel/libkernel.a(sched.c.obj)
                0x000000000000f824                z_sched_wake_thread
 .text.z_thread_timeout
                0x000000000000f868        0x8 zephyr/kernel/libkernel.a(sched.c.obj)
                0x000000000000f868                z_thread_timeout
 .text.z_unpend_first_thread
                0x000000000000f870       0x38 zephyr/kernel/libkernel.a(sched.c.obj)
                0x000000000000f870                z_unpend_first_thread
 .text.z_unpend_thread
                0x000000000000f8a8       0x30 zephyr/kernel/libkernel.a(sched.c.obj)
                0x000000000000f8a8                z_unpend_thread
 .text.z_reschedule_irqlock
                0x000000000000f8d8       0x18 zephyr/kernel/libkernel.a(sched.c.obj)
                0x000000000000f8d8                z_reschedule_irqlock
 .text.z_reschedule_unlocked
                0x000000000000f8f0       0x14 zephyr/kernel/libkernel.a(sched.c.obj)
 .text.z_unpend_all
                0x000000000000f904       0x20 zephyr/kernel/libkernel.a(sched.c.obj)
                0x000000000000f904                z_unpend_all
 .text.z_sched_wake
                0x000000000000f924       0x46 zephyr/kernel/libkernel.a(sched.c.obj)
                0x000000000000f924                z_sched_wake
 .text.z_abort_timeout
                0x000000000000f96a       0x2c zephyr/kernel/libkernel.a(timeout.c.obj)
                0x000000000000f96a                z_abort_timeout
 .text.sys_clock_tick_get_32
                0x000000000000f996        0x8 zephyr/kernel/libkernel.a(timeout.c.obj)
                0x000000000000f996                sys_clock_tick_get_32
 .text.z_impl_k_uptime_ticks
                0x000000000000f99e        0x4 zephyr/kernel/libkernel.a(timeout.c.obj)
                0x000000000000f99e                z_impl_k_uptime_ticks
 .text.sys_timepoint_calc
                0x000000000000f9a2       0x48 zephyr/kernel/libkernel.a(timeout.c.obj)
                0x000000000000f9a2                sys_timepoint_calc
 .text.sys_timepoint_timeout
                0x000000000000f9ea       0x42 zephyr/kernel/libkernel.a(timeout.c.obj)
                0x000000000000f9ea                sys_timepoint_timeout
 .text.z_heap_aligned_alloc
                0x000000000000fa2c       0x26 zephyr/kernel/libkernel.a(mempool.c.obj)
 .text.k_free   0x000000000000fa52        0xe zephyr/kernel/libkernel.a(mempool.c.obj)
                0x000000000000fa52                k_free
 .text._OffsetAbsSyms
                0x000000000000fa60        0x2 zephyr/CMakeFiles/offsets.dir/./arch/arm/core/offsets/offsets.c.obj
                0x000000000000fa60                _OffsetAbsSyms
 .text.atoi     0x000000000000fa62        0x8 c:\ncs\toolchains\c57af46cb7\opt\zephyr-sdk\arm-zephyr-eabi\bin\../lib/gcc/../../picolibc/arm-zephyr-eabi/lib/thumb/v8-m.main/nofp\libc.a(libc_stdlib_atoi.c.o)
                0x000000000000fa62                atoi
 .text.strchr   0x000000000000fa6a       0x1a c:\ncs\toolchains\c57af46cb7\opt\zephyr-sdk\arm-zephyr-eabi\bin\../lib/gcc/../../picolibc/arm-zephyr-eabi/lib/thumb/v8-m.main/nofp\libc.a(libc_string_strchr.c.o)
                0x000000000000fa6a                strchr
 .text.strncpy  0x000000000000fa84       0x20 c:\ncs\toolchains\c57af46cb7\opt\zephyr-sdk\arm-zephyr-eabi\bin\../lib/gcc/../../picolibc/arm-zephyr-eabi/lib/thumb/v8-m.main/nofp\libc.a(libc_string_strncpy.c.o)
                0x000000000000fa84                strncpy
 .text.strnlen  0x000000000000faa4       0x18 c:\ncs\toolchains\c57af46cb7\opt\zephyr-sdk\arm-zephyr-eabi\bin\../lib/gcc/../../picolibc/arm-zephyr-eabi/lib/thumb/v8-m.main/nofp\libc.a(libc_string_strnlen.c.o)
                0x000000000000faa4                strnlen
 .text.strstr   0x000000000000fabc       0x2c c:\ncs\toolchains\c57af46cb7\opt\zephyr-sdk\arm-zephyr-eabi\bin\../lib/gcc/../../picolibc/arm-zephyr-eabi/lib/thumb/v8-m.main/nofp\libc.a(libc_string_strstr.c.o)
                0x000000000000fabc                strstr
 .text.__ultoa_invert
                0x000000000000fae8       0x38 c:\ncs\toolchains\c57af46cb7\opt\zephyr-sdk\arm-zephyr-eabi\bin\../lib/gcc/../../picolibc/arm-zephyr-eabi/lib/thumb/v8-m.main/nofp\libc.a(libc_tinystdio_vfiprintf.c.o)
 .text.scanf_getc
                0x000000000000fb20       0x14 c:\ncs\toolchains\c57af46cb7\opt\zephyr-sdk\arm-zephyr-eabi\bin\../lib/gcc/../../picolibc/arm-zephyr-eabi/lib/thumb/v8-m.main/nofp\libc.a(libc_tinystdio_vfiscanf.c.o)
 .text.putval   0x000000000000fb34       0x30 c:\ncs\toolchains\c57af46cb7\opt\zephyr-sdk\arm-zephyr-eabi\bin\../lib/gcc/../../picolibc/arm-zephyr-eabi/lib/thumb/v8-m.main/nofp\libc.a(libc_tinystdio_vfiscanf.c.o)
 .text.scanf_ungetc.isra.0
                0x000000000000fb64       0x16 c:\ncs\toolchains\c57af46cb7\opt\zephyr-sdk\arm-zephyr-eabi\bin\../lib/gcc/../../picolibc/arm-zephyr-eabi/lib/thumb/v8-m.main/nofp\libc.a(libc_tinystdio_vfiscanf.c.o)
 .text.skip_spaces
                0x000000000000fb7a       0x2a c:\ncs\toolchains\c57af46cb7\opt\zephyr-sdk\arm-zephyr-eabi\bin\../lib/gcc/../../picolibc/arm-zephyr-eabi/lib/thumb/v8-m.main/nofp\libc.a(libc_tinystdio_vfiscanf.c.o)
 .text.memcpy   0x000000000000fba4       0x1a c:\ncs\toolchains\c57af46cb7\opt\zephyr-sdk\arm-zephyr-eabi\bin\../lib/gcc/../../picolibc/arm-zephyr-eabi/lib/thumb/v8-m.main/nofp\libc.a(memcpy.c.o)
                0x000000000000fba4                __aeabi_memcpy
                0x000000000000fba4                __aeabi_memcpy4
                0x000000000000fba4                __aeabi_memcpy8
                0x000000000000fba4                memcpy
 .text.memset   0x000000000000fbbe       0x10 c:\ncs\toolchains\c57af46cb7\opt\zephyr-sdk\arm-zephyr-eabi\bin\../lib/gcc/../../picolibc/arm-zephyr-eabi/lib/thumb/v8-m.main/nofp\libc.a(memset.c.o)
                0x000000000000fbbe                memset
 .text.fgetc    0x000000000000fbce       0x40 c:\ncs\toolchains\c57af46cb7\opt\zephyr-sdk\arm-zephyr-eabi\bin\../lib/gcc/../../picolibc/arm-zephyr-eabi/lib/thumb/v8-m.main/nofp\libc.a(libc_tinystdio_fgetc.c.o)
                0x000000000000fbce                fgetc
                0x000000000000fbce                getc
 .text.__file_str_get
                0x000000000000fc0e       0x14 c:\ncs\toolchains\c57af46cb7\opt\zephyr-sdk\arm-zephyr-eabi\bin\../lib/gcc/../../picolibc/arm-zephyr-eabi/lib/thumb/v8-m.main/nofp\libc.a(libc_tinystdio_filestrget.c.o)
                0x000000000000fc0e                __file_str_get
 .text.__file_str_put
                0x000000000000fc22       0x10 c:\ncs\toolchains\c57af46cb7\opt\zephyr-sdk\arm-zephyr-eabi\bin\../lib/gcc/../../picolibc/arm-zephyr-eabi/lib/thumb/v8-m.main/nofp\libc.a(libc_tinystdio_filestrput.c.o)
                0x000000000000fc22                __file_str_put
 .text.ungetc   0x000000000000fc32       0x32 c:\ncs\toolchains\c57af46cb7\opt\zephyr-sdk\arm-zephyr-eabi\bin\../lib/gcc/../../picolibc/arm-zephyr-eabi/lib/thumb/v8-m.main/nofp\libc.a(libc_tinystdio_ungetc.c.o)
                0x000000000000fc32                ungetc
 *(SORT_BY_ALIGNMENT(.TEXT.*))
 .TEXT.__aeabi_read_tp
                0x000000000000fc64        0xc zephyr/arch/arch/arm/core/aarch32/cortex_m/libarch__arm__core__aarch32__cortex_m.a(__aeabi_read_tp.S.obj)
                0x000000000000fc64                __aeabi_read_tp
 *(SORT_BY_ALIGNMENT(.gnu.linkonce.t.*))
 *(SORT_BY_ALIGNMENT(.glue_7t))
 .glue_7t       0x000000000000fc70        0x0 linker stubs
 *(SORT_BY_ALIGNMENT(.glue_7))
 .glue_7        0x000000000000fc70        0x0 linker stubs
 *(SORT_BY_ALIGNMENT(.vfp11_veneer))
 .vfp11_veneer  0x000000000000fc70        0x0 linker stubs
 *(SORT_BY_ALIGNMENT(.v4_bx))
 .v4_bx         0x000000000000fc70        0x0 linker stubs
                0x000000000000fc70                . = ALIGN (0x4)
                0x000000000000fc70                __text_region_end = .

.ARM.exidx      0x000000000000fc70        0x8
                0x000000000000fc70                __exidx_start = .
 *(SORT_BY_ALIGNMENT(.ARM.exidx*) SORT_BY_ALIGNMENT(gnu.linkonce.armexidx.*))
 .ARM.exidx     0x000000000000fc70        0x8 c:/ncs/toolchains/c57af46cb7/opt/zephyr-sdk/arm-zephyr-eabi/bin/../lib/gcc/arm-zephyr-eabi/12.2.0/thumb/v8-m.main/nofp\libgcc.a(_udivmoddi4.o)
                0x000000000000fc78                __exidx_end = .
                0x000000000000fc78                __rodata_region_start = .

initlevel       0x000000000000fc78       0x78
                0x000000000000fc78                __init_start = .
                0x000000000000fc78                __init_EARLY_start = .
 *(SORT_BY_NAME(SORT_BY_ALIGNMENT(.z_init_EARLY?_*)))
 *(SORT_BY_NAME(SORT_BY_ALIGNMENT(.z_init_EARLY??_*)))
                0x000000000000fc78                __init_PRE_KERNEL_1_start = .
 *(SORT_BY_NAME(SORT_BY_ALIGNMENT(.z_init_PRE_KERNEL_1?_*)))
 .z_init_PRE_KERNEL_10_0_
                0x000000000000fc78        0x8 zephyr/libzephyr.a(soc.c.obj)
 *(SORT_BY_NAME(SORT_BY_ALIGNMENT(.z_init_PRE_KERNEL_1??_*)))
 .z_init_PRE_KERNEL_130_00066_
                0x000000000000fc80        0x8 zephyr/drivers/clock_control/libdrivers__clock_control.a(clock_control_nrf.c.obj)
 .z_init_PRE_KERNEL_130_0_
                0x000000000000fc88        0x8 modules/segger/libmodules__segger.a(SEGGER_RTT_zephyr.c.obj)
 .z_init_PRE_KERNEL_130_0_
                0x000000000000fc90        0x8 zephyr/kernel/libkernel.a(kheap.c.obj)
 .z_init_PRE_KERNEL_140_00009_
                0x000000000000fc98        0x8 zephyr/drivers/gpio/libdrivers__gpio.a(gpio_nrfx.c.obj)
 .z_init_PRE_KERNEL_150_00011_
                0x000000000000fca0        0x8 zephyr/drivers/entropy/libdrivers__entropy.a(entropy_psa_crypto.c.obj)
 .z_init_PRE_KERNEL_155_00092_
                0x000000000000fca8        0x8 zephyr/drivers/serial/libdrivers__serial.a(uart_nrfx_uarte.c.obj)
 .z_init_PRE_KERNEL_160_0_
                0x000000000000fcb0        0x8 zephyr/drivers/console/libdrivers__console.a(rtt_console.c.obj)
 .z_init_PRE_KERNEL_160_0_
                0x000000000000fcb8        0x8 zephyr/drivers/console/libdrivers__console.a(uart_console.c.obj)
                0x000000000000fcc0                __init_PRE_KERNEL_2_start = .
 *(SORT_BY_NAME(SORT_BY_ALIGNMENT(.z_init_PRE_KERNEL_2?_*)))
 .z_init_PRE_KERNEL_20_0_
                0x000000000000fcc0        0x8 zephyr/drivers/timer/libdrivers__timer.a(nrf_rtc_timer.c.obj)
 *(SORT_BY_NAME(SORT_BY_ALIGNMENT(.z_init_PRE_KERNEL_2??_*)))
                0x000000000000fcc8                __init_POST_KERNEL_start = .
 *(SORT_BY_NAME(SORT_BY_ALIGNMENT(.z_init_POST_KERNEL?_*)))
 .z_init_POST_KERNEL0_0_
                0x000000000000fcc8        0x8 modules/nrf/lib/nrf_modem_lib/lib..__nrf__lib__nrf_modem_lib.a(nrf_modem_os.c.obj)
 *(SORT_BY_NAME(SORT_BY_ALIGNMENT(.z_init_POST_KERNEL??_*)))
 .z_init_POST_KERNEL40_0_
                0x000000000000fcd0        0x8 zephyr/lib/libc/common/liblib__libc__common.a(malloc.c.obj)
 .z_init_POST_KERNEL40_0_
                0x000000000000fcd8        0x8 modules/trusted-firmware-m/libtfm_api.a(interface.c.obj)
 .z_init_POST_KERNEL40_0_
                0x000000000000fce0        0x8 zephyr/kernel/libkernel.a(system_work_q.c.obj)
                0x000000000000fce8                __init_APPLICATION_start = .
 *(SORT_BY_NAME(SORT_BY_ALIGNMENT(.z_init_APPLICATION?_*)))
 .z_init_APPLICATION0_0_
                0x000000000000fce8        0x8 modules/nrf/lib/at_monitor/lib..__nrf__lib__at_monitor.a(at_monitor.c.obj)
 *(SORT_BY_NAME(SORT_BY_ALIGNMENT(.z_init_APPLICATION??_*)))
                0x000000000000fcf0                __init_SMP_start = .
 *(SORT_BY_NAME(SORT_BY_ALIGNMENT(.z_init_SMP?_*)))